<html>
<body>
<pre>
<h1>礦ision Build Log</h1>
<h2>Tool Versions:</h2>
IDE-Version: μVision V5.14.0.0
Copyright (C) 2015 ARM Ltd and ARM Germany GmbH. All rights reserved.
License Information: pi Microsoft, Microsoft, LIC=Y2BKP-M8X7S-QF0IY-I9F2K-3ATNX-YDDUH
 
Tool Versions:
Toolchain:       MDK-ARM Professional  Version: 5.14.0.0
Toolchain Path:  D:\Keil_v5\ARM\ARMCC\Bin
C Compiler:      Armcc.exe V5.05 update 1 (build 106)
Assembler:       Armasm.exe V5.05 update 1 (build 106)
Linker/Locator:  ArmLink.exe V5.05 update 1 (build 106)
Library Manager: ArmAr.exe V5.05 update 1 (build 106)
Hex Converter:   FromElf.exe V5.05 update 1 (build 106)
CPU DLL:         SARMCM3.DLL V5.14.0.0
Dialog DLL:      DARMCM1.DLL V1.12.0.0
Target DLL:      STLink\ST-LINKIII-KEIL_SWO.dll V2.0.14.0_KEIL
Dialog DLL:      TARMCM1.DLL V1.9.0.0
 
<h2>Project:</h2>
F:\研二\TOA11_22\TOA_RAKO\anchor_TOA\protest.uvprojx
Project File Date:  11/27/2017

<h2>Output:</h2>
Build target 'Target 1'
compiling main.c...
USER\main.c(156): warning:  #177-D: variable "status" was declared but never referenced
        uint32 status;
USER\main.c(157): warning:  #177-D: variable "MPUdataidx" was declared but never referenced
        uint8 MPUdataidx;
USER\main.c(382): warning:  #2748-D: null argument provided for parameter marked with attribute "nonnull"
                                fputc((int)crc,NULL);
USER\main.c(475): warning:  #177-D: variable "dlyTxTime" was declared but never referenced
        uint32 dlyTxTime;
USER\main.c(534): warning:  #177-D: variable "i" was declared but never referenced
        uint8_t i;
USER\main.c(656): warning:  #177-D: variable "timetmp" was declared but never referenced
        uint32 timetmp;
USER\main.c(434): warning:  #177-D: function "WirelessSyncDataProcess_SA" was declared but never referenced
  int WirelessSyncDataProcess_SA(void)
USER\main.c(521): warning:  #177-D: function "TOAdata_process" was declared but never referenced
  int TOAdata_process(void)
USER\main.c: 8 warnings, 0 errors
linking...
Program Size: Code=22116 RO-data=844 RW-data=676 ZI-data=5124  
FromELF: creating hex file...
".\Objects\protest.axf" - 0 Error(s), 8 Warning(s).

<h2>Collection of Component include folders:</h2>
  F:\研二\TOA11_22\TOA_RAKO\anchor_TOA\RTE
  D:\Keil_v5\ARM\PACK\Keil\STM32F0xx_DFP\1.5.0

<h2>Collection of Component Files used:</h2>
</pre>
</body>
</html>
