<html>
<body>
<pre>
<h1>µVision Build Log</h1>
<h2>Tool Versions:</h2>
IDE-Version: ¦ÌVision V5.22.0.0
Copyright (C) 2016 ARM Ltd and ARM Germany GmbH. All rights reserved.
License Information: Roger Roger, Roger, LIC=0VR63-ALYMU-PFRIX-HN54F-C3LTW-E7M2D
 
Tool Versions:
Toolchain:       MDK-ARM Professional  Version: 5.22
Toolchain Path:  D:\Program Files\keil_v5\ARM\ARMCC\Bin
C Compiler:      Armcc.exe V5.06 update 4 (build 422)
Assembler:       Armasm.exe V5.06 update 4 (build 422)
Linker/Locator:  ArmLink.exe V5.06 update 4 (build 422)
Library Manager: ArmAr.exe V5.06 update 4 (build 422)
Hex Converter:   FromElf.exe V5.06 update 4 (build 422)
CPU DLL:         SARMCM3.DLL V5.22
Dialog DLL:      DARMCM1.DLL V1.15.0.0
Target DLL:      STLink\ST-LINKIII-KEIL_SWO.dll V2.0.18.0
Dialog DLL:      TARMCM1.DLL V1.11.0.0
 
<h2>Project:</h2>
F:\STM32_Projects\Cube\TOA_RAKO\DWTAG\MDK-ARM\f072cbt6.uvprojx
Project File Date:  03/14/2018

<h2>Output:</h2>
*** Using Compiler 'V5.06 update 4 (build 422)', folder: 'D:\Program Files\keil_v5\ARM\ARMCC\Bin'
Rebuild target 'f072cbt6'
compiling stm32f0xx_hal_tim.c...
compiling stm32f0xx_hal_dma.c...
compiling stm32f0xx_hal_flash.c...
compiling stm32f0xx_hal_i2c_ex.c...
compiling stm32f0xx_hal_uart.c...
compiling stm32f0xx_hal_i2c.c...
compiling stm32f0xx_hal_pwr_ex.c...
compiling stm32f0xx_hal_gpio.c...
compiling stm32f0xx_hal_rcc_ex.c...
compiling stm32f0xx_hal_rcc.c...
compiling stm32f0xx_hal_uart_ex.c...
compiling stm32f0xx_hal.c...
compiling stm32f0xx_hal_flash_ex.c...
compiling stm32f0xx_hal_tim_ex.c...
compiling stm32f0xx_hal_pwr.c...
compiling stm32f0xx_hal_cortex.c...
compiling stm32f0xx_hal_spi.c...
compiling stm32f0xx_hal_spi_ex.c...
compiling stm32f0xx_hal_rtc.c...
compiling stm32f0xx_hal_rtc_ex.c...
compiling stm32f0xx_hal_iwdg.c...
compiling system_stm32f0xx.c...
assembling startup_stm32f072xb.s...
compiling stm32f0xx_it.c...
compiling stm32f0xx_hal_msp.c...
compiling main.c...
../Src/main.c(493): warning:  #177-D: variable "GPIO_InitStructure"  was declared but never referenced
    GPIO_InitTypeDef   GPIO_InitStructure;
../Src/main.c(522): warning:  #177-D: variable "i"  was declared but never referenced
        unsigned char i;
../Src/main.c(523): warning:  #177-D: variable "tanscnt"  was declared but never referenced
        uint8 tanscnt=sys_config.mpudatacnt*sizeof(float)/100;
../Src/main.c(919): warning:  #177-D: function "IWDG_init"  was declared but never referenced
  void IWDG_init(uint32_t LsiFreq)
../Src/main.c(948): warning:  #177-D: function "IWDG_Feed"  was declared but never referenced
  void IWDG_Feed(void)
../Src/main.c: 5 warnings, 0 errors
compiling delay.c...
compiling Testing.c...
compiling deca_callback.c...
compiling deca_mutex.c...
compiling deca_sleep.c...
compiling deca_spi.c...
compiling dw1000.c...
compiling deca_device.c...
..\Drivers\Hardware\decadriver\deca_device.c(1360): warning:  #68-D: integer conversion resulted in a change of sign
          return 
WT_ERROR;
..\Drivers\Hardware\decadriver\deca_device.c(1493): warning:  #68-D: integer conversion resulted in a change of sign
          return 
WT_ERROR;
..\Drivers\Hardware\decadriver\deca_device.c: 2 warnings, 0 errors
compiling deca_params_init.c...
compiling rf24l01.c...
compiling usmart.c...
compiling usmart_config.c...
compiling usmart_str.c...
compiling mpu9250.c...
..\Drivers\Hardware\MPL\mpu9250.c(27): warning:  #177-D: variable "i"  was declared but never referenced
        int i;
..\Drivers\Hardware\MPL\mpu9250.c(5): warning:  #177-D: variable "gyro_pdata"  was declared but never referenced
  static struct platform_data_s gyro_pdata = {
..\Drivers\Hardware\MPL\mpu9250.c(11): warning:  #177-D: variable "compass_pdata"  was declared but never referenced
  static struct platform_data_s compass_pdata = {
..\Drivers\Hardware\MPL\mpu9250.c: 3 warnings, 0 errors
compiling inv_mpu.c...
compiling inv_mpu_dmp_motion_driver.c...
compiling I2C.c...
compiling MadgwickAHRS.c...
linking...
Program Size: Code=43944 RO-data=1432 RW-data=692 ZI-data=3068  
"f072cbt6\f072cbt6.axf" - 0 Error(s), 10 Warning(s).

<h2>Software Packages used:</h2>

Package Vendor: ARM
                http://www.keil.com/pack/ARM.CMSIS.5.0.1.pack
                ARM::CMSIS:CORE:5.0.1
                CMSIS (Cortex Microcontroller Software Interface Standard)
   * Component: CORE Version: 5.0.1

<h2>Collection of Component include folders:</h2>
  F:\STM32_Projects\Cube\TOA_RAKO\DWTAG\MDK-ARM\RTE\_f072cbt6
  D:\Program Files\keil_v5\ARM\PACK\ARM\CMSIS\5.0.1\CMSIS\Include
  D:\Program Files\keil_v5\ARM\PACK\Keil\STM32F0xx_DFP\1.5.0\Device\Include

<h2>Collection of Component Files used:</h2>

   * Component: ARM::CMSIS:CORE:5.0.1
Build Time Elapsed:  00:01:58
</pre>
</body>
</html>
