Component: ARM Compiler 5.06 update 4 (build 422) Tool: armlink [4d35d2]

==============================================================================

Section Cross References

    usart_v1.o(i.USART1_IRQHandler) refers to stm32f0xx_usart.o(i.USART_GetITStatus) for USART_GetITStatus
    usart_v1.o(i.USART1_IRQHandler) refers to stm32f0xx_usart.o(i.USART_ReceiveData) for USART_ReceiveData
    usart_v1.o(i.USART1_IRQHandler) refers to usart_v1.o(.data) for USART_RX_STA
    usart_v1.o(i.USART1_IRQHandler) refers to usart_v1.o(.bss) for USART_RX_BUF
    usart_v1.o(i.USART_Config) refers to stm32f0xx_rcc.o(i.RCC_AHBPeriphClockCmd) for RCC_AHBPeriphClockCmd
    usart_v1.o(i.USART_Config) refers to stm32f0xx_rcc.o(i.RCC_APB2PeriphClockCmd) for RCC_APB2PeriphClockCmd
    usart_v1.o(i.USART_Config) refers to stm32f0xx_gpio.o(i.GPIO_PinAFConfig) for GPIO_PinAFConfig
    usart_v1.o(i.USART_Config) refers to stm32f0xx_gpio.o(i.GPIO_Init) for GPIO_Init
    usart_v1.o(i.USART_Config) refers to stm32f0xx_usart.o(i.USART_Init) for USART_Init
    usart_v1.o(i.USART_Config) refers to stm32f0xx_usart.o(i.USART_ClearFlag) for USART_ClearFlag
    usart_v1.o(i.USART_Config) refers to stm32f0xx_usart.o(i.USART_ITConfig) for USART_ITConfig
    usart_v1.o(i.USART_Config) refers to stm32f0xx_usart.o(i.USART_Cmd) for USART_Cmd
    usart_v1.o(i.USART_Config) refers to stm32f0xx_misc.o(i.NVIC_Init) for NVIC_Init
    usart_v1.o(i.fputc) refers to stm32f0xx_usart.o(i.USART_GetFlagStatus) for USART_GetFlagStatus
    usart_v1.o(i.fputc) refers to stm32f0xx_usart.o(i.USART_SendData) for USART_SendData
    usart_v1.o(i.usart_trans) refers to usart_v1.o(i.fputc) for fputc
    spi_v1.o(i.set_spi_high) refers to stm32f0xx_spi.o(i.SPI_Cmd) for SPI_Cmd
    spi_v1.o(i.set_spi_high) refers to stm32f0xx_spi.o(i.SPI_Init) for SPI_Init
    spi_v1.o(i.spi_init) refers to stm32f0xx_rcc.o(i.RCC_AHBPeriphClockCmd) for RCC_AHBPeriphClockCmd
    spi_v1.o(i.spi_init) refers to stm32f0xx_rcc.o(i.RCC_APB1PeriphClockCmd) for RCC_APB1PeriphClockCmd
    spi_v1.o(i.spi_init) refers to stm32f0xx_gpio.o(i.GPIO_PinAFConfig) for GPIO_PinAFConfig
    spi_v1.o(i.spi_init) refers to stm32f0xx_gpio.o(i.GPIO_Init) for GPIO_Init
    spi_v1.o(i.spi_init) refers to stm32f0xx_spi.o(i.SPI_Init) for SPI_Init
    spi_v1.o(i.spi_init) refers to stm32f0xx_spi.o(i.SPI_RxFIFOThresholdConfig) for SPI_RxFIFOThresholdConfig
    spi_v1.o(i.spi_init) refers to stm32f0xx_spi.o(i.SPI_Cmd) for SPI_Cmd
    spi_v1.o(i.spi_init) refers to stm32f0xx_gpio.o(i.GPIO_SetBits) for GPIO_SetBits
    exti_v1.o(i.EXTI4_15_IRQHandler) refers to stm32f0xx_exti.o(i.EXTI_GetITStatus) for EXTI_GetITStatus
    exti_v1.o(i.EXTI4_15_IRQHandler) refers to stm32f0xx_gpio.o(i.GPIO_ReadInputDataBit) for GPIO_ReadInputDataBit
    exti_v1.o(i.EXTI4_15_IRQHandler) refers to stm32f0xx_exti.o(i.EXTI_ClearITPendingBit) for EXTI_ClearITPendingBit
    exti_v1.o(i.EXTI4_15_IRQHandler) refers to exti_v1.o(.data) for port_deca_isr
    exti_v1.o(i.EXTI4_15_IRQHandler) refers to rf24l01.o(.data) for nrfsta
    exti_v1.o(i.dw1000IRQ_init) refers to stm32f0xx_rcc.o(i.RCC_APB2PeriphClockCmd) for RCC_APB2PeriphClockCmd
    exti_v1.o(i.dw1000IRQ_init) refers to stm32f0xx_rcc.o(i.RCC_AHBPeriphClockCmd) for RCC_AHBPeriphClockCmd
    exti_v1.o(i.dw1000IRQ_init) refers to stm32f0xx_gpio.o(i.GPIO_Init) for GPIO_Init
    exti_v1.o(i.dw1000IRQ_init) refers to stm32f0xx_syscfg.o(i.SYSCFG_EXTILineConfig) for SYSCFG_EXTILineConfig
    exti_v1.o(i.dw1000IRQ_init) refers to stm32f0xx_exti.o(i.EXTI_Init) for EXTI_Init
    exti_v1.o(i.dw1000IRQ_init) refers to stm32f0xx_misc.o(i.NVIC_Init) for NVIC_Init
    exti_v1.o(i.nrf24l01_init) refers to stm32f0xx_rcc.o(i.RCC_APB2PeriphClockCmd) for RCC_APB2PeriphClockCmd
    exti_v1.o(i.nrf24l01_init) refers to stm32f0xx_rcc.o(i.RCC_AHBPeriphClockCmd) for RCC_AHBPeriphClockCmd
    exti_v1.o(i.nrf24l01_init) refers to stm32f0xx_syscfg.o(i.SYSCFG_EXTILineConfig) for SYSCFG_EXTILineConfig
    exti_v1.o(i.nrf24l01_init) refers to stm32f0xx_gpio.o(i.GPIO_Init) for GPIO_Init
    exti_v1.o(i.nrf24l01_init) refers to stm32f0xx_exti.o(i.EXTI_Init) for EXTI_Init
    exti_v1.o(i.nrf24l01_init) refers to stm32f0xx_misc.o(i.NVIC_Init) for NVIC_Init
    exti_v1.o(i.port_set_deca_isr) refers to exti_v1.o(.data) for port_deca_isr
    deca_sleep.o(i.deca_sleep) refers to delay.o(i.Delay_ms) for Delay_ms
    deca_spi.o(i.readfromspi) refers to deca_mutex.o(i.decamutexon) for decamutexon
    deca_spi.o(i.readfromspi) refers to stm32f0xx_gpio.o(i.GPIO_ResetBits) for GPIO_ResetBits
    deca_spi.o(i.readfromspi) refers to stm32f0xx_spi.o(i.SPI_SendData8) for SPI_SendData8
    deca_spi.o(i.readfromspi) refers to stm32f0xx_spi.o(i.SPI_I2S_GetFlagStatus) for SPI_I2S_GetFlagStatus
    deca_spi.o(i.readfromspi) refers to stm32f0xx_spi.o(i.SPI_ReceiveData8) for SPI_ReceiveData8
    deca_spi.o(i.readfromspi) refers to deca_mutex.o(i.decamutexoff) for decamutexoff
[...]
    USER\test_fun.c                          0x00000000   Number         0  test_fun.o ABSOLUTE
    cdrcmple.s                               0x00000000   Number         0  cdrcmple.o ABSOLUTE
    dc.s                                     0x00000000   Number         0  dc.o ABSOLUTE
    handlers.s                               0x00000000   Number         0  handlers.o ABSOLUTE
    init.s                                   0x00000000   Number         0  init.o ABSOLUTE
    RESET                                    0x08000000   Section      192  startup_stm32f072_1.o(RESET)
    .ARM.Collect$$$$00000000                 0x080000c0   Section        0  entry.o(.ARM.Collect$$$$00000000)
    .ARM.Collect$$$$00000001                 0x080000c0   Section        4  entry2.o(.ARM.Collect$$$$00000001)
    .ARM.Collect$$$$00000004                 0x080000c4   Section        4  entry5.o(.ARM.Collect$$$$00000004)
    .ARM.Collect$$$$00000008                 0x080000c8   Section        0  entry7b.o(.ARM.Collect$$$$00000008)
    .ARM.Collect$$$$0000000A                 0x080000c8   Section        0  entry8b.o(.ARM.Collect$$$$0000000A)
    .ARM.Collect$$$$0000000B                 0x080000c8   Section        8  entry9a.o(.ARM.Collect$$$$0000000B)
    .ARM.Collect$$$$0000000D                 0x080000d0   Section        0  entry10a.o(.ARM.Collect$$$$0000000D)
    .ARM.Collect$$$$0000000F                 0x080000d0   Section        0  entry11a.o(.ARM.Collect$$$$0000000F)
    .ARM.Collect$$$$00002712                 0x080000d0   Section        4  entry2.o(.ARM.Collect$$$$00002712)
    __lit__00000000                          0x080000d0   Data           4  entry2.o(.ARM.Collect$$$$00002712)
    .text                                    0x080000d4   Section       88  startup_stm32f072_1.o(.text)
    .text                                    0x0800012c   Section        0  uidiv.o(.text)
    .text                                    0x08000158   Section        0  memcpya.o(.text)
    .text                                    0x0800017c   Section        0  memseta.o(.text)
    .text                                    0x080001a0   Section        0  memcmp.o(.text)
    .text                                    0x080001bc   Section        0  dmul.o(.text)
    .text                                    0x0800028c   Section        0  ddiv.o(.text)
    .text                                    0x0800037c   Section        0  ffltui.o(.text)
    .text                                    0x0800038c   Section        0  dfltui.o(.text)
    .text                                    0x080003a8   Section        0  dfixui.o(.text)
    .text                                    0x080003e4   Section        0  f2d.o(.text)
    .text                                    0x0800040c   Section        0  uldiv.o(.text)
    .text                                    0x0800046c   Section        0  llushr.o(.text)
    .text                                    0x0800048e   Section        0  iusefp.o(.text)
    .text                                    0x0800048e   Section        0  fepilogue.o(.text)
    .text                                    0x08000510   Section        0  depilogue.o(.text)
    .text                                    0x080005d0   Section        0  dadd.o(.text)
    .text                                    0x08000734   Section        0  dfixul.o(.text)
    .text                                    0x08000774   Section       40  cdrcmple.o(.text)
    .text                                    0x0800079c   Section       36  init.o(.text)
    .text                                    0x080007c0   Section        0  llshl.o(.text)
    .text                                    0x080007e0   Section        0  llsshr.o(.text)
    .text                                    0x08000806   Section        0  __dczerorl2.o(.text)
    i.AssignTimeWindow                       0x0800085c   Section        0  main.o(i.AssignTimeWindow)
    AssignTimeWindow                         0x0800085d   Thumb Code   142  main.o(i.AssignTimeWindow)
    i.CRC_DeInit                             0x08000900   Section        0  stm32f0xx_crc.o(i.CRC_DeInit)
    i.CRC_PolynomialSizeSelect               0x08000924   Section        0  stm32f0xx_crc.o(i.CRC_PolynomialSizeSelect)
    i.CRC_SetInitRegister                    0x08000944   Section        0  stm32f0xx_crc.o(i.CRC_SetInitRegister)
    i.CRC_SetPolynomial                      0x08000950   Section        0  stm32f0xx_crc.o(i.CRC_SetPolynomial)
    i.CRC_init                               0x0800095c   Section        0  main.o(i.CRC_init)
    i.DMA1_Channel2_3_IRQHandler             0x08000980   Section        0  main.o(i.DMA1_Channel2_3_IRQHandler)
    i.DMA_ClearFlag                          0x080009a4   Section        0  stm32f0xx_dma.o(i.DMA_ClearFlag)
    i.DMA_Cmd                                0x080009c4   Section        0  stm32f0xx_dma.o(i.DMA_Cmd)
    i.DMA_GetFlagStatus                      0x080009e0   Section        0  stm32f0xx_dma.o(i.DMA_GetFlagStatus)
    i.DMA_ITConfig                           0x08000a14   Section        0  stm32f0xx_dma.o(i.DMA_ITConfig)
    i.DMA_Init                               0x08000a28   Section        0  stm32f0xx_dma.o(i.DMA_Init)
    i.DMA_RemapConfig                        0x08000a68   Section        0  stm32f0xx_dma.o(i.DMA_RemapConfig)
    i.DMA_init                               0x08000a9c   Section        0  main.o(i.DMA_init)
    i.DMA_test                               0x08000b0c   Section        0  test_fun.o(i.DMA_test)
    i.DMAtrans                               0x08000b3c   Section        0  main.o(i.DMAtrans)
    DMAtrans                                 0x08000b3d   Thumb Code    40  main.o(i.DMAtrans)
    i.Delay_ms                               0x08000b70   Section        0  delay.o(i.Delay_ms)
    i.EXTI4_15_IRQHandler                    0x08000bbc   Section        0  exti_v1.o(i.EXTI4_15_IRQHandler)
    i.EXTI_ClearITPendingBit                 0x08000c30   Section        0  stm32f0xx_exti.o(i.EXTI_ClearITPendingBit)
    i.EXTI_GetITStatus                       0x08000c3c   Section        0  stm32f0xx_exti.o(i.EXTI_GetITStatus)
    i.EXTI_Init                              0x08000c58   Section        0  stm32f0xx_exti.o(i.EXTI_Init)
    i.GPIO_Init                              0x08000ce0   Section        0  stm32f0xx_gpio.o(i.GPIO_Init)
    i.GPIO_PinAFConfig                       0x08000d70   Section        0  stm32f0xx_gpio.o(i.GPIO_PinAFConfig)
    i.GPIO_ReadInputDataBit                  0x08000db4   Section        0  stm32f0xx_gpio.o(i.GPIO_ReadInputDataBit)
    i.GPIO_ResetBits                         0x08000dc8   Section        0  stm32f0xx_gpio.o(i.GPIO_ResetBits)
    i.GPIO_SetBits                           0x08000dcc   Section        0  stm32f0xx_gpio.o(i.GPIO_SetBits)
    i.HardFault_Handler                      0x08000dd0   Section        0  stm32f0xx_it.o(i.HardFault_Handler)
    i.LED_Init                               0x08000dd4   Section        0  led.o(i.LED_Init)
    i.NMI_Handler                            0x08000e38   Section        0  stm32f0xx_it.o(i.NMI_Handler)
    i.NVIC_Init                              0x08000e3c   Section        0  stm32f0xx_misc.o(i.NVIC_Init)
    i.NVIC_SetPriority                       0x08000eac   Section        0  delay.o(i.NVIC_SetPriority)
    NVIC_SetPriority                         0x08000ead   Thumb Code   110  delay.o(i.NVIC_SetPriority)
    i.PendSV_Handler                         0x08000f24   Section        0  stm32f0xx_it.o(i.PendSV_Handler)
    i.RCC_AHBPeriphClockCmd                  0x08000f28   Section        0  stm32f0xx_rcc.o(i.RCC_AHBPeriphClockCmd)
    i.RCC_APB1PeriphClockCmd                 0x08000f48   Section        0  stm32f0xx_rcc.o(i.RCC_APB1PeriphClockCmd)
    i.RCC_APB2PeriphClockCmd                 0x08000f68   Section        0  stm32f0xx_rcc.o(i.RCC_APB2PeriphClockCmd)
    i.RCC_GetClocksFreq                      0x08000f88   Section        0  stm32f0xx_rcc.o(i.RCC_GetClocksFreq)
    i.SPI_Cmd                                0x080011d0   Section        0  stm32f0xx_spi.o(i.SPI_Cmd)
    i.SPI_I2S_GetFlagStatus                  0x080011ec   Section        0  stm32f0xx_spi.o(i.SPI_I2S_GetFlagStatus)
    i.SPI_Init                               0x08001200   Section        0  stm32f0xx_spi.o(i.SPI_Init)
    i.SPI_ReceiveData8                       0x08001258   Section        0  stm32f0xx_spi.o(i.SPI_ReceiveData8)
    i.SPI_RxFIFOThresholdConfig              0x08001264   Section        0  stm32f0xx_spi.o(i.SPI_RxFIFOThresholdConfig)
    i.SPI_SendData8                          0x08001278   Section        0  stm32f0xx_spi.o(i.SPI_SendData8)
    i.SVC_Handler                            0x08001282   Section        0  stm32f0xx_it.o(i.SVC_Handler)
    i.SYSCFG_EXTILineConfig                  0x08001284   Section        0  stm32f0xx_syscfg.o(i.SYSCFG_EXTILineConfig)
    i.SetSysClock                            0x080012c4   Section        0  system_stm32f0xx.o(i.SetSysClock)
    SetSysClock                              0x080012c5   Thumb Code   118  system_stm32f0xx.o(i.SetSysClock)
    i.ShowTimeStack                          0x08001344   Section        0  test_fun.o(i.ShowTimeStack)
    i.SysTick_CLKSourceConfig                0x080013a4   Section        0  stm32f0xx_misc.o(i.SysTick_CLKSourceConfig)
    i.SysTick_Handler                        0x080013c8   Section        0  stm32f0xx_it.o(i.SysTick_Handler)
    i.SystemInit                             0x080013d8   Section        0  system_stm32f0xx.o(i.SystemInit)
    i.TDOAprocess_AC                         0x08001454   Section        0  main.o(i.TDOAprocess_AC)
    TDOAprocess_AC                           0x08001455   Thumb Code   220  main.o(i.TDOAprocess_AC)
    i.TDOAprocess_TAG                        0x08001544   Section        0  main.o(i.TDOAprocess_TAG)
    TDOAprocess_TAG                          0x08001545   Thumb Code   276  main.o(i.TDOAprocess_TAG)
    i.TDOAprocess_mpu_TAG                    0x0800166c   Section        0  main.o(i.TDOAprocess_mpu_TAG)
    TDOAprocess_mpu_TAG                      0x0800166d   Thumb Code   430  main.o(i.TDOAprocess_mpu_TAG)
    i.TIM14_IRQHandler                       0x08001830   Section        0  usmart.o(i.TIM14_IRQHandler)
    i.TIM7_IRQHandler                        0x08001868   Section        0  main.o(i.TIM7_IRQHandler)
    i.TIM_ClearFlag                          0x080018f4   Section        0  stm32f0xx_tim.o(i.TIM_ClearFlag)
    i.TIM_ClearITPendingBit                  0x080018fa   Section        0  stm32f0xx_tim.o(i.TIM_ClearITPendingBit)
    i.TIM_Cmd                                0x08001900   Section        0  stm32f0xx_tim.o(i.TIM_Cmd)
    i.TIM_GetCounter                         0x0800191c   Section        0  stm32f0xx_tim.o(i.TIM_GetCounter)
    i.TIM_GetFlagStatus                      0x08001922   Section        0  stm32f0xx_tim.o(i.TIM_GetFlagStatus)
    i.TIM_GetITStatus                        0x08001936   Section        0  stm32f0xx_tim.o(i.TIM_GetITStatus)
    i.TIM_ITConfig                           0x0800195c   Section        0  stm32f0xx_tim.o(i.TIM_ITConfig)
    i.TIM_SetAutoreload                      0x08001970   Section        0  stm32f0xx_tim.o(i.TIM_SetAutoreload)
    i.TIM_SetCounter                         0x08001974   Section        0  stm32f0xx_tim.o(i.TIM_SetCounter)
    i.TIM_TimeBaseInit                       0x08001978   Section        0  stm32f0xx_tim.o(i.TIM_TimeBaseInit)
    i.TOAdata_mpu_process                    0x080019f4   Section        0  main.o(i.TOAdata_mpu_process)
    TOAdata_mpu_process                      0x080019f5   Thumb Code   366  main.o(i.TOAdata_mpu_process)
    i.TOAdata_process                        0x08001ba4   Section        0  main.o(i.TOAdata_process)
    TOAdata_process                          0x08001ba5   Thumb Code    80  main.o(i.TOAdata_process)
    i.TWRresp                                0x08001c10   Section        0  main.o(i.TWRresp)
    TWRresp                                  0x08001c11   Thumb Code   448  main.o(i.TWRresp)
    i.Timer2_Init                            0x08001df0   Section        0  usmart.o(i.Timer2_Init)
    i.USART1_IRQHandler                      0x08001e3c   Section        0  usart_v1.o(i.USART1_IRQHandler)
    i.USART_ClearFlag                        0x08001ed0   Section        0  stm32f0xx_usart.o(i.USART_ClearFlag)
    i.USART_Cmd                              0x08001ed4   Section        0  stm32f0xx_usart.o(i.USART_Cmd)
    i.USART_Config                           0x08001eec   Section        0  usart_v1.o(i.USART_Config)
    i.USART_DMACmd                           0x08001f9c   Section        0  stm32f0xx_usart.o(i.USART_DMACmd)
    i.USART_GetFlagStatus                    0x08001fb0   Section        0  stm32f0xx_usart.o(i.USART_GetFlagStatus)
    i.USART_GetITStatus                      0x08001fc4   Section        0  stm32f0xx_usart.o(i.USART_GetITStatus)
    i.USART_ITConfig                         0x08002012   Section        0  stm32f0xx_usart.o(i.USART_ITConfig)
    i.USART_Init                             0x08002054   Section        0  stm32f0xx_usart.o(i.USART_Init)
    i.USART_ReceiveData                      0x0800214c   Section        0  stm32f0xx_usart.o(i.USART_ReceiveData)
    i.USART_SendData                         0x08002156   Section        0  stm32f0xx_usart.o(i.USART_SendData)
    i.UpLoad                                 0x08002160   Section        0  main.o(i.UpLoad)
    UpLoad                                   0x08002161   Thumb Code   182  main.o(i.UpLoad)
    i.__0printf                              0x08002220   Section        0  printfa.o(i.__0printf)
    i.__ARM_clz                              0x08002240   Section        0  depilogue.o(i.__ARM_clz)
    i.__ARM_common_switch8                   0x0800226e   Section        0  usmart.o(i.__ARM_common_switch8)
    i.__scatterload_copy                     0x0800228a   Section       14  handlers.o(i.__scatterload_copy)
    i.__scatterload_null                     0x08002298   Section        2  handlers.o(i.__scatterload_null)
    i.__scatterload_zeroinit                 0x0800229a   Section       14  handlers.o(i.__scatterload_zeroinit)
    i._dwt_aonarrayupload                    0x080022a8   Section        0  deca_device.o(i._dwt_aonarrayupload)
    i._dwt_configlde                         0x080022c0   Section        0  deca_device.o(i._dwt_configlde)
    i._dwt_disablesequencing                 0x080022fc   Section        0  deca_device.o(i._dwt_disablesequencing)
    i._dwt_enableclocks                      0x08002310   Section        0  deca_device.o(i._dwt_enableclocks)
    i._dwt_loaducodefromrom                  0x080023fc   Section        0  deca_device.o(i._dwt_loaducodefromrom)
    i._dwt_otpread                           0x0800241e   Section        0  deca_device.o(i._dwt_otpread)
    i._fp_digits                             0x08002450   Section        0  printfa.o(i._fp_digits)
    _fp_digits                               0x08002451   Thumb Code   344  printfa.o(i._fp_digits)
    i._printf_core                           0x080025c4   Section        0  printfa.o(i._printf_core)
    _printf_core                             0x080025c5   Thumb Code  1754  printfa.o(i._printf_core)
    i._printf_post_padding                   0x08002cb0   Section        0  printfa.o(i._printf_post_padding)
    _printf_post_padding                     0x08002cb1   Thumb Code    32  printfa.o(i._printf_post_padding)
    i._printf_pre_padding                    0x08002cd0   Section        0  printfa.o(i._printf_pre_padding)
    _printf_pre_padding                      0x08002cd1   Thumb Code    44  printfa.o(i._printf_pre_padding)
    i.deca_sleep                             0x08002cfc   Section        0  deca_sleep.o(i.deca_sleep)
    i.decamutexoff                           0x08002d08   Section        0  deca_mutex.o(i.decamutexoff)
    i.decamutexon                            0x08002d10   Section        0  deca_mutex.o(i.decamutexon)
    i.delay_init                             0x08002d1c   Section        0  delay.o(i.delay_init)
    i.dw1000IRQ_init                         0x08002d70   Section        0  exti_v1.o(i.dw1000IRQ_init)
    i.dw1000_init                            0x08002dd8   Section        0  main.o(i.dw1000_init)
    dw1000_init                              0x08002dd9   Thumb Code   156  main.o(i.dw1000_init)
    i.dwt_configure                          0x08002ed0   Section        0  deca_device.o(i.dwt_configure)
    i.dwt_enableautoack                      0x0800310c   Section        0  deca_device.o(i.dwt_enableautoack)
    i.dwt_enableframefilter                  0x0800313c   Section        0  deca_device.o(i.dwt_enableframefilter)
    i.dwt_forcetrxoff                        0x08003184   Section        0  deca_device.o(i.dwt_forcetrxoff)
    i.dwt_initialise                         0x080031d8   Section        0  deca_device.o(i.dwt_initialise)
    i.dwt_isr                                0x080032d8   Section        0  deca_device.o(i.dwt_isr)
    i.dwt_read16bitoffsetreg                 0x08003448   Section        0  deca_device.o(i.dwt_read16bitoffsetreg)
    i.dwt_read32bitoffsetreg                 0x0800346e   Section        0  deca_device.o(i.dwt_read32bitoffsetreg)
    i.dwt_read8bitoffsetreg                  0x08003498   Section        0  deca_device.o(i.dwt_read8bitoffsetreg)
    i.dwt_readdevid                          0x080034b0   Section        0  deca_device.o(i.dwt_readdevid)
    i.dwt_readfromdevice                     0x080034bc   Section        0  deca_device.o(i.dwt_readfromdevice)
    i.dwt_readrxdata                         0x0800351c   Section        0  deca_device.o(i.dwt_readrxdata)
    i.dwt_readrxtimestamp                    0x08003532   Section        0  deca_device.o(i.dwt_readrxtimestamp)
    i.dwt_readtxtimestamp                    0x08003544   Section        0  deca_device.o(i.dwt_readtxtimestamp)
    i.dwt_rxenable                           0x08003556   Section        0  deca_device.o(i.dwt_rxenable)
    i.dwt_rxreset                            0x080035bc   Section        0  deca_device.o(i.dwt_rxreset)
    i.dwt_setaddress16                       0x080035d4   Section        0  deca_device.o(i.dwt_setaddress16)
    i.dwt_setcallbacks                       0x080035e4   Section        0  deca_device.o(i.dwt_setcallbacks)
    i.dwt_setdelayedtrxtime                  0x080035f8   Section        0  deca_device.o(i.dwt_setdelayedtrxtime)
    i.dwt_seteui                             0x08003608   Section        0  deca_device.o(i.dwt_seteui)
    i.dwt_setinterrupt                       0x0800361a   Section        0  deca_device.o(i.dwt_setinterrupt)
    i.dwt_setleds                            0x08003654   Section        0  deca_device.o(i.dwt_setleds)
    i.dwt_setpanid                           0x080036f8   Section        0  deca_device.o(i.dwt_setpanid)
    i.dwt_setrxaftertxdelay                  0x08003708   Section        0  deca_device.o(i.dwt_setrxaftertxdelay)
    i.dwt_setrxantennadelay                  0x0800372c   Section        0  deca_device.o(i.dwt_setrxantennadelay)
    i.dwt_setrxtimeout                       0x08003740   Section        0  deca_device.o(i.dwt_setrxtimeout)
    i.dwt_settxantennadelay                  0x080037a0   Section        0  deca_device.o(i.dwt_settxantennadelay)
    i.dwt_setxtaltrim                        0x080037b0   Section        0  deca_device.o(i.dwt_setxtaltrim)
    i.dwt_softreset                          0x080037cc   Section        0  deca_device.o(i.dwt_softreset)
    i.dwt_starttx                            0x08003810   Section        0  deca_device.o(i.dwt_starttx)
    i.dwt_syncrxbufptrs                      0x08003890   Section        0  deca_device.o(i.dwt_syncrxbufptrs)
    i.dwt_write16bitoffsetreg                0x080038b6   Section        0  deca_device.o(i.dwt_write16bitoffsetreg)
    i.dwt_write32bitoffsetreg                0x080038d4   Section        0  deca_device.o(i.dwt_write32bitoffsetreg)
    i.dwt_write8bitoffsetreg                 0x080038fa   Section        0  deca_device.o(i.dwt_write8bitoffsetreg)
    i.dwt_writetodevice                      0x0800390e   Section        0  deca_device.o(i.dwt_writetodevice)
    i.dwt_writetxdata                        0x08003972   Section        0  deca_device.o(i.dwt_writetxdata)
    i.dwt_writetxfctrl                       0x0800399c   Section        0  deca_device.o(i.dwt_writetxfctrl)
    i.final_msg_get_ts                       0x080039c4   Section        0  deca_callback.o(i.final_msg_get_ts)
    i.final_msg_set_ts                       0x080039e2   Section        0  deca_callback.o(i.final_msg_set_ts)
    i.fputc                                  0x08003a00   Section        0  usart_v1.o(i.fputc)
    i.getSYSstatus                           0x08003a34   Section        0  test_fun.o(i.getSYSstatus)
    i.get_rx_timestamp_u64                   0x08003a54   Section        0  deca_callback.o(i.get_rx_timestamp_u64)
    i.get_tx_timestamp_u64                   0x08003a82   Section        0  deca_callback.o(i.get_tx_timestamp_u64)
    i.going                                  0x08003ab0   Section        0  test_fun.o(i.going)
    i.main                                   0x08003abc   Section        0  main.o(i.main)
    i.malloc                                 0x08003c78   Section        0  malloc.o(i.malloc)
    i.port_set_deca_isr                      0x08003ce4   Section        0  exti_v1.o(i.port_set_deca_isr)
    i.readfromspi                            0x08003cf0   Section        0  deca_spi.o(i.readfromspi)
    i.reset_DW1000                           0x08003d7c   Section        0  main.o(i.reset_DW1000)
    i.rx_err_cb                              0x08003dd0   Section        0  deca_callback.o(i.rx_err_cb)
    i.rx_ok_cb                               0x08003ddc   Section        0  deca_callback.o(i.rx_ok_cb)
    i.rx_to_cb                               0x08003e8c   Section        0  deca_callback.o(i.rx_to_cb)
    i.set_spi_high                           0x08003e98   Section        0  spi_v1.o(i.set_spi_high)
    i.spi_init                               0x08003ee8   Section        0  spi_v1.o(i.spi_init)
    i.system_init                            0x08003fb4   Section        0  main.o(i.system_init)
    system_init                              0x08003fb5   Thumb Code    66  main.o(i.system_init)
    i.testfun1                               0x08004000   Section        0  test_fun.o(i.testfun1)
    i.testfun2                               0x08004064   Section        0  test_fun.o(i.testfun2)
    i.tx_conf_cb                             0x080040c8   Section        0  deca_callback.o(i.tx_conf_cb)
    i.unlockflash                            0x080040d4   Section        0  test_fun.o(i.unlockflash)
    i.updatetag                              0x08004100   Section        0  main.o(i.updatetag)
    updatetag                                0x08004101   Thumb Code   362  main.o(i.updatetag)
    i.usmart_cmd_rec                         0x08004280   Section        0  usmart.o(i.usmart_cmd_rec)
    i.usmart_exe                             0x08004334   Section        0  usmart.o(i.usmart_exe)
    i.usmart_get_aparm                       0x08004630   Section        0  usmart_str.o(i.usmart_get_aparm)
    i.usmart_get_cmdname                     0x08004706   Section        0  usmart_str.o(i.usmart_get_cmdname)
    i.usmart_get_fname                       0x0800473c   Section        0  usmart_str.o(i.usmart_get_fname)
    i.usmart_get_fparam                      0x08004914   Section        0  usmart_str.o(i.usmart_get_fparam)
    i.usmart_get_parmpos                     0x08004a24   Section        0  usmart_str.o(i.usmart_get_parmpos)
    i.usmart_get_runtime                     0x08004a44   Section        0  usmart.o(i.usmart_get_runtime)
    i.usmart_init                            0x08004a80   Section        0  usmart.o(i.usmart_init)
    i.usmart_pow                             0x08004aa4   Section        0  usmart_str.o(i.usmart_pow)
    i.usmart_reset_runtime                   0x08004ac0   Section        0  usmart.o(i.usmart_reset_runtime)
    i.usmart_scan                            0x08004af0   Section        0  usmart.o(i.usmart_scan)
    i.usmart_search_nextc                    0x08004bb4   Section        0  usmart_str.o(i.usmart_search_nextc)
    i.usmart_str2num                         0x08004bca   Section        0  usmart_str.o(i.usmart_str2num)
    i.usmart_strcmp                          0x08004c9a   Section        0  usmart_str.o(i.usmart_strcmp)
    i.usmart_strcopy                         0x08004cbe   Section        0  usmart_str.o(i.usmart_strcopy)
    i.usmart_strlen                          0x08004cd6   Section        0  usmart_str.o(i.usmart_strlen)
    i.usmart_sys_cmd_exe                     0x08004cf0   Section        0  usmart.o(i.usmart_sys_cmd_exe)
    i.writetospi                             0x080053e4   Section        0  deca_spi.o(i.writetospi)
    .constdata                               0x0800546c   Section      108  main.o(.constdata)
    .constdata                               0x080054d8   Section      174  deca_params_init.o(.constdata)
    .conststring                             0x08005588   Section       40  usmart.o(.conststring)
    .conststring                             0x080055b0   Section      170  usmart_config.o(.conststring)
    .data                                    0x20000000   Section        2  usart_v1.o(.data)
    .data                                    0x20000004   Section        4  exti_v1.o(.data)
    .data                                    0x20000008   Section       22  deca_callback.o(.data)
    .data                                    0x2000001e   Section        2  rf24l01.o(.data)
    .data                                    0x20000020   Section      128  deca_user_api.o(.data)
    .data                                    0x200000a0   Section      100  main.o(.data)
    config                                   0x200000a0   Data          12  main.o(.data)
    pan_id                                   0x200000b4   Data           2  main.o(.data)
    eui                                      0x200000b6   Data           8  main.o(.data)
    Achor_addr                               0x200000be   Data           2  main.o(.data)
    .data                                    0x20000104   Section        4  delay.o(.data)
    .data                                    0x20000108   Section       12  test_fun.o(.data)
    i                                        0x20000110   Data           4  test_fun.o(.data)
    .data                                    0x20000114   Section       16  stm32f0xx_rcc.o(.data)
    APBAHBPrescTable                         0x20000114   Data          16  stm32f0xx_rcc.o(.data)
    .data                                    0x20000124   Section       20  system_stm32f0xx.o(.data)
    .data                                    0x20000138   Section       28  usmart.o(.data)
    .data                                    0x20000154   Section      300  usmart_config.o(.data)
    .data                                    0x20000280   Section        4  stdout.o(.data)
    .data                                    0x20000284   Section        4  mvars.o(.data)
    .data                                    0x20000288   Section        4  mvars.o(.data)
    .bss                                     0x2000028c   Section      128  usart_v1.o(.bss)
    .bss                                     0x2000030c   Section      137  deca_callback.o(.bss)
    lastmesg                                 0x2000038b   Data          10  deca_callback.o(.bss)
    .bss                                     0x20000398   Section       40  test_fun.o(.bss)
    .bss                                     0x200003c0   Section       56  deca_device.o(.bss)
    dw1000local                              0x200003c0   Data          56  deca_device.o(.bss)
    HEAP                                     0x200003f8   Section     4096  startup_stm32f072_1.o(HEAP)
    STACK                                    0x200013f8   Section     1024  startup_stm32f072_1.o(STACK)

    Global Symbols

    Symbol Name                              Value     Ov Type        Size  Object(Section)

    BuildAttributes$$THM_ISAv3M$S$PE$A:L22$X:L11$S22$IEEE1$IW$USESV6$~STKCKD$USESV7$~SHL$OTIME$ROPI$EBA8$MICROLIB$REQ8$PRES8$EABIv2 0x00000000   Number         0  anon$$obj.o ABSOLUTE
    __ARM_use_no_argv                        0x00000000   Number         0  main.o ABSOLUTE
    _printf_a                                0x00000000   Number         0  stubs.o ABSOLUTE
    _printf_c                                0x00000000   Number         0  stubs.o ABSOLUTE
    _printf_charcount                        0x00000000   Number         0  stubs.o ABSOLUTE
    _printf_d                                0x00000000   Number         0  stubs.o ABSOLUTE
    _printf_e                                0x00000000   Number         0  stubs.o ABSOLUTE
    _printf_f                                0x00000000   Number         0  stubs.o ABSOLUTE
    _printf_flags                            0x00000000   Number         0  stubs.o ABSOLUTE
    _printf_fp_dec                           0x00000000   Number         0  stubs.o ABSOLUTE
    _printf_fp_hex                           0x00000000   Number         0  stubs.o ABSOLUTE
    _printf_g                                0x00000000   Number         0  stubs.o ABSOLUTE
    _printf_i                                0x00000000   Number         0  stubs.o ABSOLUTE
    _printf_int_dec                          0x00000000   Number         0  stubs.o ABSOLUTE
    _printf_l                                0x00000000   Number         0  stubs.o ABSOLUTE
    _printf_lc                               0x00000000   Number         0  stubs.o ABSOLUTE
    _printf_ll                               0x00000000   Number         0  stubs.o ABSOLUTE
    _printf_lld                              0x00000000   Number         0  stubs.o ABSOLUTE
    _printf_lli                              0x00000000   Number         0  stubs.o ABSOLUTE
    _printf_llo                              0x00000000   Number         0  stubs.o ABSOLUTE
    _printf_llu                              0x00000000   Number         0  stubs.o ABSOLUTE
    _printf_llx                              0x00000000   Number         0  stubs.o ABSOLUTE
    _printf_longlong_dec                     0x00000000   Number         0  stubs.o ABSOLUTE
    _printf_longlong_hex                     0x00000000   Number         0  stubs.o ABSOLUTE
    _printf_longlong_oct                     0x00000000   Number         0  stubs.o ABSOLUTE
    _printf_ls                               0x00000000   Number         0  stubs.o ABSOLUTE
    _printf_mbtowc                           0x00000000   Number         0  stubs.o ABSOLUTE
    _printf_n                                0x00000000   Number         0  stubs.o ABSOLUTE
    _printf_o                                0x00000000   Number         0  stubs.o ABSOLUTE
    _printf_p                                0x00000000   Number         0  stubs.o ABSOLUTE
    _printf_percent                          0x00000000   Number         0  stubs.o ABSOLUTE
    _printf_pre_padding                      0x00000000   Number         0  stubs.o ABSOLUTE
    _printf_return_value                     0x00000000   Number         0  stubs.o ABSOLUTE
    _printf_s                                0x00000000   Number         0  stubs.o ABSOLUTE
    _printf_sizespec                         0x00000000   Number         0  stubs.o ABSOLUTE
    _printf_str                              0x00000000   Number         0  stubs.o ABSOLUTE
    _printf_truncate_signed                  0x00000000   Number         0  stubs.o ABSOLUTE
    _printf_truncate_unsigned                0x00000000   Number         0  stubs.o ABSOLUTE
    _printf_u                                0x00000000   Number         0  stubs.o ABSOLUTE
    _printf_wc                               0x00000000   Number         0  stubs.o ABSOLUTE
    _printf_wctomb                           0x00000000   Number         0  stubs.o ABSOLUTE
    _printf_widthprec                        0x00000000   Number         0  stubs.o ABSOLUTE
    _printf_x                                0x00000000   Number         0  stubs.o ABSOLUTE
    __cpp_initialize__aeabi_                  - Undefined Weak Reference
    __cxa_finalize                            - Undefined Weak Reference
    _clock_init                               - Undefined Weak Reference
    _microlib_exit                            - Undefined Weak Reference
    __Vectors_Size                           0x000000c0   Number         0  startup_stm32f072_1.o ABSOLUTE
    __Vectors                                0x08000000   Data           4  startup_stm32f072_1.o(RESET)
    __Vectors_End                            0x080000c0   Data           0  startup_stm32f072_1.o(RESET)
    __main                                   0x080000c1   Thumb Code     0  entry.o(.ARM.Collect$$$$00000000)
    _main_stk                                0x080000c1   Thumb Code     0  entry2.o(.ARM.Collect$$$$00000001)
    _main_scatterload                        0x080000c5   Thumb Code     0  entry5.o(.ARM.Collect$$$$00000004)
    __main_after_scatterload                 0x080000c9   Thumb Code     0  entry5.o(.ARM.Collect$$$$00000004)
    _main_clock                              0x080000c9   Thumb Code     0  entry7b.o(.ARM.Collect$$$$00000008)
    _main_cpp_init                           0x080000c9   Thumb Code     0  entry8b.o(.ARM.Collect$$$$0000000A)
    _main_init                               0x080000c9   Thumb Code     0  entry9a.o(.ARM.Collect$$$$0000000B)
    __rt_final_cpp                           0x080000d1   Thumb Code     0  entry10a.o(.ARM.Collect$$$$0000000D)
    __rt_final_exit                          0x080000d1   Thumb Code     0  entry11a.o(.ARM.Collect$$$$0000000F)
    Reset_Handler                            0x080000d5   Thumb Code    38  startup_stm32f072_1.o(.text)
    ADC1_COMP_IRQHandler                     0x08000105   Thumb Code     0  startup_stm32f072_1.o(.text)
    CEC_CAN_IRQHandler                       0x08000105   Thumb Code     0  startup_stm32f072_1.o(.text)
    DMA1_Channel1_IRQHandler                 0x08000105   Thumb Code     0  startup_stm32f072_1.o(.text)
    DMA1_Channel4_5_6_7_IRQHandler           0x08000105   Thumb Code     0  startup_stm32f072_1.o(.text)
    EXTI0_1_IRQHandler                       0x08000105   Thumb Code     0  startup_stm32f072_1.o(.text)
    EXTI2_3_IRQHandler                       0x08000105   Thumb Code     0  startup_stm32f072_1.o(.text)
    FLASH_IRQHandler                         0x08000105   Thumb Code     0  startup_stm32f072_1.o(.text)
    I2C1_IRQHandler                          0x08000105   Thumb Code     0  startup_stm32f072_1.o(.text)
    I2C2_IRQHandler                          0x08000105   Thumb Code     0  startup_stm32f072_1.o(.text)
    PVD_VDDIO2_IRQHandler                    0x08000105   Thumb Code     0  startup_stm32f072_1.o(.text)
    RCC_CRS_IRQHandler                       0x08000105   Thumb Code     0  startup_stm32f072_1.o(.text)
    RTC_IRQHandler                           0x08000105   Thumb Code     0  startup_stm32f072_1.o(.text)
    SPI1_IRQHandler                          0x08000105   Thumb Code     0  startup_stm32f072_1.o(.text)
    SPI2_IRQHandler                          0x08000105   Thumb Code     0  startup_stm32f072_1.o(.text)
    TIM15_IRQHandler                         0x08000105   Thumb Code     0  startup_stm32f072_1.o(.text)
    TIM16_IRQHandler                         0x08000105   Thumb Code     0  startup_stm32f072_1.o(.text)
    TIM17_IRQHandler                         0x08000105   Thumb Code     0  startup_stm32f072_1.o(.text)
    TIM1_BRK_UP_TRG_COM_IRQHandler           0x08000105   Thumb Code     0  startup_stm32f072_1.o(.text)
    TIM1_CC_IRQHandler                       0x08000105   Thumb Code     0  startup_stm32f072_1.o(.text)
    TIM2_IRQHandler                          0x08000105   Thumb Code     0  startup_stm32f072_1.o(.text)
    TIM3_IRQHandler                          0x08000105   Thumb Code     0  startup_stm32f072_1.o(.text)
    TIM6_DAC_IRQHandler                      0x08000105   Thumb Code     0  startup_stm32f072_1.o(.text)
    TSC_IRQHandler                           0x08000105   Thumb Code     0  startup_stm32f072_1.o(.text)
    USART2_IRQHandler                        0x08000105   Thumb Code     0  startup_stm32f072_1.o(.text)
    USART3_4_IRQHandler                      0x08000105   Thumb Code     0  startup_stm32f072_1.o(.text)
    USB_IRQHandler                           0x08000105   Thumb Code     0  startup_stm32f072_1.o(.text)
    WWDG_IRQHandler                          0x08000105   Thumb Code     0  startup_stm32f072_1.o(.text)
    __aeabi_uidiv                            0x0800012d   Thumb Code     0  uidiv.o(.text)
    __aeabi_uidivmod                         0x0800012d   Thumb Code    44  uidiv.o(.text)
    __aeabi_memcpy                           0x08000159   Thumb Code    36  memcpya.o(.text)
    __aeabi_memcpy4                          0x08000159   Thumb Code     0  memcpya.o(.text)
    __aeabi_memcpy8                          0x08000159   Thumb Code     0  memcpya.o(.text)
    __aeabi_memset                           0x0800017d   Thumb Code    14  memseta.o(.text)
    __aeabi_memset4                          0x0800017d   Thumb Code     0  memseta.o(.text)
    __aeabi_memset8                          0x0800017d   Thumb Code     0  memseta.o(.text)
    __aeabi_memclr                           0x0800018b   Thumb Code     4  memseta.o(.text)
    __aeabi_memclr4                          0x0800018b   Thumb Code     0  memseta.o(.text)
    __aeabi_memclr8                          0x0800018b   Thumb Code     0  memseta.o(.text)
    _memset$wrapper                          0x0800018f   Thumb Code    18  memseta.o(.text)
    memcmp                                   0x080001a1   Thumb Code    26  memcmp.o(.text)
    __aeabi_dmul                             0x080001bd   Thumb Code   202  dmul.o(.text)
    __aeabi_ddiv                             0x0800028d   Thumb Code   234  ddiv.o(.text)
    __aeabi_ui2f                             0x0800037d   Thumb Code    14  ffltui.o(.text)
    __aeabi_ui2d                             0x0800038d   Thumb Code    24  dfltui.o(.text)
    __aeabi_d2uiz                            0x080003a9   Thumb Code    50  dfixui.o(.text)
    __aeabi_f2d                              0x080003e5   Thumb Code    40  f2d.o(.text)
    __aeabi_uldivmod                         0x0800040d   Thumb Code    96  uldiv.o(.text)
    __aeabi_llsr                             0x0800046d   Thumb Code    34  llushr.o(.text)
    _ll_ushift_r                             0x0800046d   Thumb Code     0  llushr.o(.text)
    __I$use$fp                               0x0800048f   Thumb Code     0  iusefp.o(.text)
    _float_round                             0x0800048f   Thumb Code    16  fepilogue.o(.text)
    _float_epilogue                          0x0800049f   Thumb Code   114  fepilogue.o(.text)
    _double_round                            0x08000511   Thumb Code    26  depilogue.o(.text)
    _double_epilogue                         0x0800052b   Thumb Code   164  depilogue.o(.text)
    __aeabi_dadd                             0x080005d1   Thumb Code   328  dadd.o(.text)
    __aeabi_dsub                             0x08000719   Thumb Code    12  dadd.o(.text)
    __aeabi_drsub                            0x08000725   Thumb Code    12  dadd.o(.text)
    __aeabi_d2ulz                            0x08000735   Thumb Code    54  dfixul.o(.text)
    __aeabi_cdrcmple                         0x08000775   Thumb Code    38  cdrcmple.o(.text)
    __scatterload                            0x0800079d   Thumb Code    28  init.o(.text)
    __scatterload_rt2                        0x0800079d   Thumb Code     0  init.o(.text)
    __aeabi_llsl                             0x080007c1   Thumb Code    32  llshl.o(.text)
    _ll_shift_l                              0x080007c1   Thumb Code     0  llshl.o(.text)
    __aeabi_lasr                             0x080007e1   Thumb Code    38  llsshr.o(.text)
    _ll_sshift_r                             0x080007e1   Thumb Code     0  llsshr.o(.text)
    __decompress                             0x08000807   Thumb Code     0  __dczerorl2.o(.text)
    __decompress1                            0x08000807   Thumb Code    86  __dczerorl2.o(.text)
    CRC_DeInit                               0x08000901   Thumb Code    26  stm32f0xx_crc.o(i.CRC_DeInit)
    CRC_PolynomialSizeSelect                 0x08000925   Thumb Code    28  stm32f0xx_crc.o(i.CRC_PolynomialSizeSelect)
    CRC_SetInitRegister                      0x08000945   Thumb Code     6  stm32f0xx_crc.o(i.CRC_SetInitRegister)
    CRC_SetPolynomial                        0x08000951   Thumb Code     6  stm32f0xx_crc.o(i.CRC_SetPolynomial)
    CRC_init                                 0x0800095d   Thumb Code    34  main.o(i.CRC_init)
    DMA1_Channel2_3_IRQHandler               0x08000981   Thumb Code    32  main.o(i.DMA1_Channel2_3_IRQHandler)
    DMA_ClearFlag                            0x080009a5   Thumb Code    22  stm32f0xx_dma.o(i.DMA_ClearFlag)
    DMA_Cmd                                  0x080009c5   Thumb Code    24  stm32f0xx_dma.o(i.DMA_Cmd)
    DMA_GetFlagStatus                        0x080009e1   Thumb Code    42  stm32f0xx_dma.o(i.DMA_GetFlagStatus)
    DMA_ITConfig                             0x08000a15   Thumb Code    20  stm32f0xx_dma.o(i.DMA_ITConfig)
    DMA_Init                                 0x08000a29   Thumb Code    58  stm32f0xx_dma.o(i.DMA_Init)
    DMA_RemapConfig                          0x08000a69   Thumb Code    46  stm32f0xx_dma.o(i.DMA_RemapConfig)
    DMA_init                                 0x08000a9d   Thumb Code   100  main.o(i.DMA_init)
    DMA_test                                 0x08000b0d   Thumb Code    36  test_fun.o(i.DMA_test)
    Delay_ms                                 0x08000b71   Thumb Code    72  delay.o(i.Delay_ms)
    EXTI4_15_IRQHandler                      0x08000bbd   Thumb Code   100  exti_v1.o(i.EXTI4_15_IRQHandler)
    EXTI_ClearITPendingBit                   0x08000c31   Thumb Code     6  stm32f0xx_exti.o(i.EXTI_ClearITPendingBit)
    EXTI_GetITStatus                         0x08000c3d   Thumb Code    22  stm32f0xx_exti.o(i.EXTI_GetITStatus)
    EXTI_Init                                0x08000c59   Thumb Code   132  stm32f0xx_exti.o(i.EXTI_Init)
    GPIO_Init                                0x08000ce1   Thumb Code   144  stm32f0xx_gpio.o(i.GPIO_Init)
    GPIO_PinAFConfig                         0x08000d71   Thumb Code    68  stm32f0xx_gpio.o(i.GPIO_PinAFConfig)
    GPIO_ReadInputDataBit                    0x08000db5   Thumb Code    20  stm32f0xx_gpio.o(i.GPIO_ReadInputDataBit)
    GPIO_ResetBits                           0x08000dc9   Thumb Code     4  stm32f0xx_gpio.o(i.GPIO_ResetBits)
    GPIO_SetBits                             0x08000dcd   Thumb Code     4  stm32f0xx_gpio.o(i.GPIO_SetBits)
    HardFault_Handler                        0x08000dd1   Thumb Code     4  stm32f0xx_it.o(i.HardFault_Handler)
    LED_Init                                 0x08000dd5   Thumb Code    90  led.o(i.LED_Init)
    NMI_Handler                              0x08000e39   Thumb Code     2  stm32f0xx_it.o(i.NMI_Handler)
    NVIC_Init                                0x08000e3d   Thumb Code   106  stm32f0xx_misc.o(i.NVIC_Init)
    PendSV_Handler                           0x08000f25   Thumb Code     2  stm32f0xx_it.o(i.PendSV_Handler)
    RCC_AHBPeriphClockCmd                    0x08000f29   Thumb Code    28  stm32f0xx_rcc.o(i.RCC_AHBPeriphClockCmd)
    RCC_APB1PeriphClockCmd                   0x08000f49   Thumb Code    28  stm32f0xx_rcc.o(i.RCC_APB1PeriphClockCmd)
    RCC_APB2PeriphClockCmd                   0x08000f69   Thumb Code    28  stm32f0xx_rcc.o(i.RCC_APB2PeriphClockCmd)
    RCC_GetClocksFreq                        0x08000f89   Thumb Code   554  stm32f0xx_rcc.o(i.RCC_GetClocksFreq)
    SPI_Cmd                                  0x080011d1   Thumb Code    24  stm32f0xx_spi.o(i.SPI_Cmd)
    SPI_I2S_GetFlagStatus                    0x080011ed   Thumb Code    20  stm32f0xx_spi.o(i.SPI_I2S_GetFlagStatus)
    SPI_Init                                 0x08001201   Thumb Code    76  stm32f0xx_spi.o(i.SPI_Init)
    SPI_ReceiveData8                         0x08001259   Thumb Code    12  stm32f0xx_spi.o(i.SPI_ReceiveData8)
    SPI_RxFIFOThresholdConfig                0x08001265   Thumb Code    16  stm32f0xx_spi.o(i.SPI_RxFIFOThresholdConfig)
    SPI_SendData8                            0x08001279   Thumb Code    10  stm32f0xx_spi.o(i.SPI_SendData8)
    SVC_Handler                              0x08001283   Thumb Code     2  stm32f0xx_it.o(i.SVC_Handler)
    SYSCFG_EXTILineConfig                    0x08001285   Thumb Code    60  stm32f0xx_syscfg.o(i.SYSCFG_EXTILineConfig)
    ShowTimeStack                            0x08001345   Thumb Code    68  test_fun.o(i.ShowTimeStack)
    SysTick_CLKSourceConfig                  0x080013a5   Thumb Code    32  stm32f0xx_misc.o(i.SysTick_CLKSourceConfig)
    SysTick_Handler                          0x080013c9   Thumb Code    12  stm32f0xx_it.o(i.SysTick_Handler)
    SystemInit                               0x080013d9   Thumb Code   110  system_stm32f0xx.o(i.SystemInit)
    TIM14_IRQHandler                         0x08001831   Thumb Code    46  usmart.o(i.TIM14_IRQHandler)
    TIM7_IRQHandler                          0x08001869   Thumb Code   124  main.o(i.TIM7_IRQHandler)
    TIM_ClearFlag                            0x080018f5   Thumb Code     6  stm32f0xx_tim.o(i.TIM_ClearFlag)
    TIM_ClearITPendingBit                    0x080018fb   Thumb Code     6  stm32f0xx_tim.o(i.TIM_ClearITPendingBit)
    TIM_Cmd                                  0x08001901   Thumb Code    24  stm32f0xx_tim.o(i.TIM_Cmd)
    TIM_GetCounter                           0x0800191d   Thumb Code     6  stm32f0xx_tim.o(i.TIM_GetCounter)
    TIM_GetFlagStatus                        0x08001923   Thumb Code    20  stm32f0xx_tim.o(i.TIM_GetFlagStatus)
    TIM_GetITStatus                          0x08001937   Thumb Code    38  stm32f0xx_tim.o(i.TIM_GetITStatus)
    TIM_ITConfig                             0x0800195d   Thumb Code    20  stm32f0xx_tim.o(i.TIM_ITConfig)
    TIM_SetAutoreload                        0x08001971   Thumb Code     4  stm32f0xx_tim.o(i.TIM_SetAutoreload)
    TIM_SetCounter                           0x08001975   Thumb Code     4  stm32f0xx_tim.o(i.TIM_SetCounter)
    TIM_TimeBaseInit                         0x08001979   Thumb Code    90  stm32f0xx_tim.o(i.TIM_TimeBaseInit)
    Timer2_Init                              0x08001df1   Thumb Code    72  usmart.o(i.Timer2_Init)
    USART1_IRQHandler                        0x08001e3d   Thumb Code   132  usart_v1.o(i.USART1_IRQHandler)
    USART_ClearFlag                          0x08001ed1   Thumb Code     4  stm32f0xx_usart.o(i.USART_ClearFlag)
    USART_Cmd                                0x08001ed5   Thumb Code    24  stm32f0xx_usart.o(i.USART_Cmd)
    USART_Config                             0x08001eed   Thumb Code   166  usart_v1.o(i.USART_Config)
    USART_DMACmd                             0x08001f9d   Thumb Code    20  stm32f0xx_usart.o(i.USART_DMACmd)
    USART_GetFlagStatus                      0x08001fb1   Thumb Code    20  stm32f0xx_usart.o(i.USART_GetFlagStatus)
    USART_GetITStatus                        0x08001fc5   Thumb Code    78  stm32f0xx_usart.o(i.USART_GetITStatus)
    USART_ITConfig                           0x08002013   Thumb Code    66  stm32f0xx_usart.o(i.USART_ITConfig)
    USART_Init                               0x08002055   Thumb Code   226  stm32f0xx_usart.o(i.USART_Init)
    USART_ReceiveData                        0x0800214d   Thumb Code    10  stm32f0xx_usart.o(i.USART_ReceiveData)
    USART_SendData                           0x08002157   Thumb Code     8  stm32f0xx_usart.o(i.USART_SendData)
    __0printf                                0x08002221   Thumb Code    24  printfa.o(i.__0printf)
    __1printf                                0x08002221   Thumb Code     0  printfa.o(i.__0printf)
    __2printf                                0x08002221   Thumb Code     0  printfa.o(i.__0printf)
    __c89printf                              0x08002221   Thumb Code     0  printfa.o(i.__0printf)
    printf                                   0x08002221   Thumb Code     0  printfa.o(i.__0printf)
    __ARM_clz                                0x08002241   Thumb Code    46  depilogue.o(i.__ARM_clz)
    __ARM_common_switch8                     0x0800226f   Thumb Code    28  usmart.o(i.__ARM_common_switch8)
    __scatterload_copy                       0x0800228b   Thumb Code    14  handlers.o(i.__scatterload_copy)
    __scatterload_null                       0x08002299   Thumb Code     2  handlers.o(i.__scatterload_null)
    __scatterload_zeroinit                   0x0800229b   Thumb Code    14  handlers.o(i.__scatterload_zeroinit)
    _dwt_aonarrayupload                      0x080022a9   Thumb Code    24  deca_device.o(i._dwt_aonarrayupload)
    _dwt_configlde                           0x080022c1   Thumb Code    42  deca_device.o(i._dwt_configlde)
    _dwt_disablesequencing                   0x080022fd   Thumb Code    20  deca_device.o(i._dwt_disablesequencing)
    _dwt_enableclocks                        0x08002311   Thumb Code   236  deca_device.o(i._dwt_enableclocks)
    _dwt_loaducodefromrom                    0x080023fd   Thumb Code    34  deca_device.o(i._dwt_loaducodefromrom)
    _dwt_otpread                             0x0800241f   Thumb Code    48  deca_device.o(i._dwt_otpread)
    deca_sleep                               0x08002cfd   Thumb Code    12  deca_sleep.o(i.deca_sleep)
    decamutexoff                             0x08002d09   Thumb Code     8  deca_mutex.o(i.decamutexoff)
    decamutexon                              0x08002d11   Thumb Code    10  deca_mutex.o(i.decamutexon)
    delay_init                               0x08002d1d   Thumb Code    72  delay.o(i.delay_init)
    dw1000IRQ_init                           0x08002d71   Thumb Code   104  exti_v1.o(i.dw1000IRQ_init)
    dwt_configure                            0x08002ed1   Thumb Code   516  deca_device.o(i.dwt_configure)
    dwt_enableautoack                        0x0800310d   Thumb Code    42  deca_device.o(i.dwt_enableautoack)
    dwt_enableframefilter                    0x0800313d   Thumb Code    62  deca_device.o(i.dwt_enableframefilter)
    dwt_forcetrxoff                          0x08003185   Thumb Code    76  deca_device.o(i.dwt_forcetrxoff)
    dwt_initialise                           0x080031d9   Thumb Code   244  deca_device.o(i.dwt_initialise)
    dwt_isr                                  0x080032d9   Thumb Code   358  deca_device.o(i.dwt_isr)
    dwt_read16bitoffsetreg                   0x08003449   Thumb Code    38  deca_device.o(i.dwt_read16bitoffsetreg)
    dwt_read32bitoffsetreg                   0x0800346f   Thumb Code    42  deca_device.o(i.dwt_read32bitoffsetreg)
    dwt_read8bitoffsetreg                    0x08003499   Thumb Code    24  deca_device.o(i.dwt_read8bitoffsetreg)
    dwt_readdevid                            0x080034b1   Thumb Code    12  deca_device.o(i.dwt_readdevid)
    dwt_readfromdevice                       0x080034bd   Thumb Code    96  deca_device.o(i.dwt_readfromdevice)
    dwt_readrxdata                           0x0800351d   Thumb Code    22  deca_device.o(i.dwt_readrxdata)
    dwt_readrxtimestamp                      0x08003533   Thumb Code    18  deca_device.o(i.dwt_readrxtimestamp)
    dwt_readtxtimestamp                      0x08003545   Thumb Code    18  deca_device.o(i.dwt_readtxtimestamp)
    dwt_rxenable                             0x08003557   Thumb Code   102  deca_device.o(i.dwt_rxenable)
    dwt_rxreset                              0x080035bd   Thumb Code    24  deca_device.o(i.dwt_rxreset)
    dwt_setaddress16                         0x080035d5   Thumb Code    16  deca_device.o(i.dwt_setaddress16)
    dwt_setcallbacks                         0x080035e5   Thumb Code    14  deca_device.o(i.dwt_setcallbacks)
    dwt_setdelayedtrxtime                    0x080035f9   Thumb Code    16  deca_device.o(i.dwt_setdelayedtrxtime)
    dwt_seteui                               0x08003609   Thumb Code    18  deca_device.o(i.dwt_seteui)
    dwt_setinterrupt                         0x0800361b   Thumb Code    58  deca_device.o(i.dwt_setinterrupt)
    dwt_setleds                              0x08003655   Thumb Code   164  deca_device.o(i.dwt_setleds)
    dwt_setpanid                             0x080036f9   Thumb Code    16  deca_device.o(i.dwt_setpanid)
    dwt_setrxaftertxdelay                    0x08003709   Thumb Code    36  deca_device.o(i.dwt_setrxaftertxdelay)
    dwt_setrxantennadelay                    0x0800372d   Thumb Code    16  deca_device.o(i.dwt_setrxantennadelay)
    dwt_setrxtimeout                         0x08003741   Thumb Code    90  deca_device.o(i.dwt_setrxtimeout)
    dwt_settxantennadelay                    0x080037a1   Thumb Code    16  deca_device.o(i.dwt_settxantennadelay)
    dwt_setxtaltrim                          0x080037b1   Thumb Code    26  deca_device.o(i.dwt_setxtaltrim)
    dwt_softreset                            0x080037cd   Thumb Code    64  deca_device.o(i.dwt_softreset)
    dwt_starttx                              0x08003811   Thumb Code   122  deca_device.o(i.dwt_starttx)
    dwt_syncrxbufptrs                        0x08003891   Thumb Code    38  deca_device.o(i.dwt_syncrxbufptrs)
    dwt_write16bitoffsetreg                  0x080038b7   Thumb Code    30  deca_device.o(i.dwt_write16bitoffsetreg)
    dwt_write32bitoffsetreg                  0x080038d5   Thumb Code    38  deca_device.o(i.dwt_write32bitoffsetreg)
    dwt_write8bitoffsetreg                   0x080038fb   Thumb Code    20  deca_device.o(i.dwt_write8bitoffsetreg)
    dwt_writetodevice                        0x0800390f   Thumb Code   100  deca_device.o(i.dwt_writetodevice)
    dwt_writetxdata                          0x08003973   Thumb Code    40  deca_device.o(i.dwt_writetxdata)
    dwt_writetxfctrl                         0x0800399d   Thumb Code    36  deca_device.o(i.dwt_writetxfctrl)
    final_msg_get_ts                         0x080039c5   Thumb Code    30  deca_callback.o(i.final_msg_get_ts)
    final_msg_set_ts                         0x080039e3   Thumb Code    28  deca_callback.o(i.final_msg_set_ts)
    fputc                                    0x08003a01   Thumb Code    46  usart_v1.o(i.fputc)
    getSYSstatus                             0x08003a35   Thumb Code    22  test_fun.o(i.getSYSstatus)
    get_rx_timestamp_u64                     0x08003a55   Thumb Code    46  deca_callback.o(i.get_rx_timestamp_u64)
    get_tx_timestamp_u64                     0x08003a83   Thumb Code    46  deca_callback.o(i.get_tx_timestamp_u64)
    going                                    0x08003ab1   Thumb Code     8  test_fun.o(i.going)
    main                                     0x08003abd   Thumb Code   326  main.o(i.main)
    malloc                                   0x08003c79   Thumb Code    92  malloc.o(i.malloc)
    port_set_deca_isr                        0x08003ce5   Thumb Code     6  exti_v1.o(i.port_set_deca_isr)
    readfromspi                              0x08003cf1   Thumb Code   132  deca_spi.o(i.readfromspi)
    reset_DW1000                             0x08003d7d   Thumb Code    80  main.o(i.reset_DW1000)
    rx_err_cb                                0x08003dd1   Thumb Code    12  deca_callback.o(i.rx_err_cb)
    rx_ok_cb                                 0x08003ddd   Thumb Code   154  deca_callback.o(i.rx_ok_cb)
    rx_to_cb                                 0x08003e8d   Thumb Code     8  deca_callback.o(i.rx_to_cb)
    set_spi_high                             0x08003e99   Thumb Code    74  spi_v1.o(i.set_spi_high)
    spi_init                                 0x08003ee9   Thumb Code   196  spi_v1.o(i.spi_init)
    testfun1                                 0x08004001   Thumb Code    54  test_fun.o(i.testfun1)
    testfun2                                 0x08004065   Thumb Code    54  test_fun.o(i.testfun2)
    tx_conf_cb                               0x080040c9   Thumb Code     8  deca_callback.o(i.tx_conf_cb)
    unlockflash                              0x080040d5   Thumb Code    12  test_fun.o(i.unlockflash)
    usmart_cmd_rec                           0x08004281   Thumb Code   176  usmart.o(i.usmart_cmd_rec)
    usmart_exe                               0x08004335   Thumb Code   672  usmart.o(i.usmart_exe)
    usmart_get_aparm                         0x08004631   Thumb Code   214  usmart_str.o(i.usmart_get_aparm)
    usmart_get_cmdname                       0x08004707   Thumb Code    54  usmart_str.o(i.usmart_get_cmdname)
    usmart_get_fname                         0x0800473d   Thumb Code   462  usmart_str.o(i.usmart_get_fname)
    usmart_get_fparam                        0x08004915   Thumb Code   266  usmart_str.o(i.usmart_get_fparam)
    usmart_get_parmpos                       0x08004a25   Thumb Code    26  usmart_str.o(i.usmart_get_parmpos)
    usmart_get_runtime                       0x08004a45   Thumb Code    46  usmart.o(i.usmart_get_runtime)
    usmart_init                              0x08004a81   Thumb Code    30  usmart.o(i.usmart_init)
    usmart_pow                               0x08004aa5   Thumb Code    26  usmart_str.o(i.usmart_pow)
    usmart_reset_runtime                     0x08004ac1   Thumb Code    34  usmart.o(i.usmart_reset_runtime)
    usmart_scan                              0x08004af1   Thumb Code   126  usmart.o(i.usmart_scan)
    usmart_search_nextc                      0x08004bb5   Thumb Code    22  usmart_str.o(i.usmart_search_nextc)
    usmart_str2num                           0x08004bcb   Thumb Code   208  usmart_str.o(i.usmart_str2num)
    usmart_strcmp                            0x08004c9b   Thumb Code    36  usmart_str.o(i.usmart_strcmp)
    usmart_strcopy                           0x08004cbf   Thumb Code    24  usmart_str.o(i.usmart_strcopy)
    usmart_strlen                            0x08004cd7   Thumb Code    26  usmart_str.o(i.usmart_strlen)
    usmart_sys_cmd_exe                       0x08004cf1   Thumb Code  1566  usmart.o(i.usmart_sys_cmd_exe)
    writetospi                               0x080053e5   Thumb Code   128  deca_spi.o(i.writetospi)
    chan_idx                                 0x080054d8   Data           8  deca_params_init.o(.constdata)
    tx_config                                0x080054e0   Data          24  deca_params_init.o(.constdata)
    fs_pll_cfg                               0x080054f8   Data          24  deca_params_init.o(.constdata)
    fs_pll_tune                              0x08005510   Data           6  deca_params_init.o(.constdata)
    rx_config                                0x08005516   Data           2  deca_params_init.o(.constdata)
    agc_config                               0x08005518   Data           8  deca_params_init.o(.constdata)
    dwnsSFDlen                               0x08005520   Data           3  deca_params_init.o(.constdata)
    sftsh                                    0x08005524   Data          12  deca_params_init.o(.constdata)
    dtune1                                   0x08005530   Data           4  deca_params_init.o(.constdata)
    digital_bb_config                        0x08005534   Data          32  deca_params_init.o(.constdata)
    lde_replicaCoeff                         0x08005554   Data          50  deca_params_init.o(.constdata)
    Region$$Table$$Base                      0x0800565c   Number         0  anon$$obj.o(Region$$Table)
    Region$$Table$$Limit                     0x0800567c   Number         0  anon$$obj.o(Region$$Table)
    USART_RX_STA                             0x20000000   Data           2  usart_v1.o(.data)
    port_deca_isr                            0x20000004   Data           4  exti_v1.o(.data)
    tx_timestamp                             0x20000008   Data           8  deca_callback.o(.data)
    rx_timestamp                             0x20000010   Data           8  deca_callback.o(.data)
    isframe_sent                             0x20000018   Data           1  deca_callback.o(.data)
    istxframe_acked                          0x20000019   Data           1  deca_callback.o(.data)
    isreceive_To                             0x2000001a   Data           1  deca_callback.o(.data)
    isframe_rec                              0x2000001b   Data           1  deca_callback.o(.data)
    isack_sent                               0x2000001c   Data           1  deca_callback.o(.data)
    TOARanging                               0x2000001d   Data           1  deca_callback.o(.data)
    nrfsta                                   0x2000001e   Data           1  rf24l01.o(.data)
    TransCop                                 0x2000001f   Data           1  rf24l01.o(.data)
    dw_txframe                               0x20000020   Data         128  deca_user_api.o(.data)
    sys_config                               0x200000ac   Data           8  main.o(.data)
    DMA_transing                             0x200000c0   Data           1  main.o(.data)
    frame_seq_nb                             0x200000c1   Data           1  main.o(.data)
    ACKframe                                 0x200000c2   Data           5  main.o(.data)
    send_pc                                  0x200000c7   Data          20  main.o(.data)
    TBsyctime                                0x200000dc   Data           2  main.o(.data)
    pglobalmpudata                           0x200000e0   Data           4  main.o(.data)
    idxreco                                  0x200000e4   Data           4  main.o(.data)
    TAG_datacnt                              0x200000e8   Data           2  main.o(.data)
    crc                                      0x200000ea   Data           1  main.o(.data)
    QuantityAC                               0x200000eb   Data           1  main.o(.data)
    TBPOLL                                   0x200000ec   Data          16  main.o(.data)
    TAG_list                                 0x200000fc   Data           8  main.o(.data)
    msec                                     0x20000104   Data           4  delay.o(.data)
    time_record                              0x20000108   Data           4  test_fun.o(.data)
    timestack_cnt                            0x2000010c   Data           2  test_fun.o(.data)
    triggle                                  0x2000010e   Data           1  test_fun.o(.data)
    SystemCoreClock                          0x20000124   Data           4  system_stm32f0xx.o(.data)
    AHBPrescTable                            0x20000128   Data          16  system_stm32f0xx.o(.data)
    sys_cmd_tab                              0x20000138   Data          28  usmart.o(.data)
    usmart_nametab                           0x20000154   Data          56  usmart_config.o(.data)
    usmart_dev                               0x2000018c   Data         244  usmart_config.o(.data)
    __stdout                                 0x20000280   Data           4  stdout.o(.data)
    __microlib_freelist                      0x20000284   Data           4  mvars.o(.data)
    __microlib_freelist_initialised          0x20000288   Data           4  mvars.o(.data)
    USART_RX_BUF                             0x2000028c   Data         128  usart_v1.o(.bss)
    uwbrevbuff                               0x2000030c   Data         127  deca_callback.o(.bss)
    time_stack                               0x20000398   Data          40  test_fun.o(.bss)
    __heap_base                              0x200003f8   Data           0  startup_stm32f072_1.o(HEAP)
    __heap_limit                             0x200013f8   Data           0  startup_stm32f072_1.o(HEAP)
    __initial_sp                             0x200017f8   Data           0  startup_stm32f072_1.o(STACK)



==============================================================================

Memory Map of the image

  Image Entry point : 0x080000c1

  Load Region LR_IROM1 (Base: 0x08000000, Size: 0x00005908, Max: 0x00020000, ABSOLUTE, COMPRESSED[0x00005730])

    Execution Region ER_IROM1 (Base: 0x08000000, Size: 0x0000567c, Max: 0x00020000, ABSOLUTE)

    Base Addr    Size         Type   Attr      Idx    E Section Name        Object

    0x08000000   0x000000c0   Data   RO         3153    RESET               startup_stm32f072_1.o
    0x080000c0   0x00000000   Code   RO         3932  * .ARM.Collect$$$$00000000  mc_p.l(entry.o)
    0x080000c0   0x00000004   Code   RO         4246    .ARM.Collect$$$$00000001  mc_p.l(entry2.o)
    0x080000c4   0x00000004   Code   RO         4249    .ARM.Collect$$$$00000004  mc_p.l(entry5.o)
    0x080000c8   0x00000000   Code   RO         4251    .ARM.Collect$$$$00000008  mc_p.l(entry7b.o)
    0x080000c8   0x00000000   Code   RO         4253    .ARM.Collect$$$$0000000A  mc_p.l(entry8b.o)
    0x080000c8   0x00000008   Code   RO         4254    .ARM.Collect$$$$0000000B  mc_p.l(entry9a.o)
    0x080000d0   0x00000000   Code   RO         4256    .ARM.Collect$$$$0000000D  mc_p.l(entry10a.o)
    0x080000d0   0x00000000   Code   RO         4258    .ARM.Collect$$$$0000000F  mc_p.l(entry11a.o)
    0x080000d0   0x00000004   Code   RO         4247    .ARM.Collect$$$$00002712  mc_p.l(entry2.o)
    0x080000d4   0x00000058   Code   RO         3154    .text               startup_stm32f072_1.o
    0x0800012c   0x0000002c   Code   RO         3935    .text               mc_p.l(uidiv.o)
    0x08000158   0x00000024   Code   RO         3937    .text               mc_p.l(memcpya.o)
    0x0800017c   0x00000024   Code   RO         3939    .text               mc_p.l(memseta.o)
    0x080001a0   0x0000001a   Code   RO         3941    .text               mc_p.l(memcmp.o)
    0x080001ba   0x00000002   PAD
    0x080001bc   0x000000d0   Code   RO         4234    .text               mf_p.l(dmul.o)
    0x0800028c   0x000000f0   Code   RO         4236    .text               mf_p.l(ddiv.o)
    0x0800037c   0x0000000e   Code   RO         4238    .text               mf_p.l(ffltui.o)
    0x0800038a   0x00000002   PAD
    0x0800038c   0x0000001c   Code   RO         4240    .text               mf_p.l(dfltui.o)
    0x080003a8   0x0000003c   Code   RO         4242    .text               mf_p.l(dfixui.o)
    0x080003e4   0x00000028   Code   RO         4244    .text               mf_p.l(f2d.o)
    0x0800040c   0x00000060   Code   RO         4261    .text               mc_p.l(uldiv.o)
    0x0800046c   0x00000022   Code   RO         4263    .text               mc_p.l(llushr.o)
    0x0800048e   0x00000000   Code   RO         4267    .text               mc_p.l(iusefp.o)
    0x0800048e   0x00000082   Code   RO         4268    .text               mf_p.l(fepilogue.o)
    0x08000510   0x000000be   Code   RO         4270    .text               mf_p.l(depilogue.o)
    0x080005ce   0x00000002   PAD
    0x080005d0   0x00000164   Code   RO         4274    .text               mf_p.l(dadd.o)
    0x08000734   0x00000040   Code   RO         4276    .text               mf_p.l(dfixul.o)
    0x08000774   0x00000028   Code   RO         4278    .text               mf_p.l(cdrcmple.o)
    0x0800079c   0x00000024   Code   RO         4280    .text               mc_p.l(init.o)
    0x080007c0   0x00000020   Code   RO         4282    .text               mc_p.l(llshl.o)
    0x080007e0   0x00000026   Code   RO         4284    .text               mc_p.l(llsshr.o)
    0x08000806   0x00000056   Code   RO         4294    .text               mc_p.l(__dczerorl2.o)
    0x0800085c   0x000000a4   Code   RO          573    i.AssignTimeWindow  main.o
    0x08000900   0x00000024   Code   RO         2898    i.CRC_DeInit        stm32f0xx_crc.o
    0x08000924   0x00000020   Code   RO         2901    i.CRC_PolynomialSizeSelect  stm32f0xx_crc.o
    0x08000944   0x0000000c   Code   RO         2906    i.CRC_SetInitRegister  stm32f0xx_crc.o
    0x08000950   0x0000000c   Code   RO         2907    i.CRC_SetPolynomial  stm32f0xx_crc.o
    0x0800095c   0x00000022   Code   RO          574    i.CRC_init          main.o
    0x0800097e   0x00000002   PAD
    0x08000980   0x00000024   Code   RO          575    i.DMA1_Channel2_3_IRQHandler  main.o
    0x080009a4   0x00000020   Code   RO         2808    i.DMA_ClearFlag     stm32f0xx_dma.o
    0x080009c4   0x0000001c   Code   RO         2810    i.DMA_Cmd           stm32f0xx_dma.o
    0x080009e0   0x00000034   Code   RO         2813    i.DMA_GetFlagStatus  stm32f0xx_dma.o
    0x08000a14   0x00000014   Code   RO         2815    i.DMA_ITConfig      stm32f0xx_dma.o
    0x08000a28   0x00000040   Code   RO         2816    i.DMA_Init          stm32f0xx_dma.o
    0x08000a68   0x00000034   Code   RO         2817    i.DMA_RemapConfig   stm32f0xx_dma.o
    0x08000a9c   0x00000070   Code   RO          576    i.DMA_init          main.o
    0x08000b0c   0x00000030   Code   RO          795    i.DMA_test          test_fun.o
    0x08000b3c   0x00000034   Code   RO          577    i.DMAtrans          main.o
    0x08000b70   0x0000004c   Code   RO          750    i.Delay_ms          delay.o
    0x08000bbc   0x00000074   Code   RO          175    i.EXTI4_15_IRQHandler  exti_v1.o
    0x08000c30   0x0000000c   Code   RO          937    i.EXTI_ClearITPendingBit  stm32f0xx_exti.o
    0x08000c3c   0x0000001c   Code   RO          941    i.EXTI_GetITStatus  stm32f0xx_exti.o
    0x08000c58   0x00000088   Code   RO          942    i.EXTI_Init         stm32f0xx_exti.o
    0x08000ce0   0x00000090   Code   RO          999    i.GPIO_Init         stm32f0xx_gpio.o
    0x08000d70   0x00000044   Code   RO         1000    i.GPIO_PinAFConfig  stm32f0xx_gpio.o
    0x08000db4   0x00000014   Code   RO         1003    i.GPIO_ReadInputDataBit  stm32f0xx_gpio.o
    0x08000dc8   0x00000004   Code   RO         1006    i.GPIO_ResetBits    stm32f0xx_gpio.o
    0x08000dcc   0x00000004   Code   RO         1007    i.GPIO_SetBits      stm32f0xx_gpio.o
    0x08000dd0   0x00000004   Code   RO         3048    i.HardFault_Handler  stm32f0xx_it.o
    0x08000dd4   0x00000064   Code   RO          415    i.LED_Init          led.o
    0x08000e38   0x00000002   Code   RO         3049    i.NMI_Handler       stm32f0xx_it.o
    0x08000e3a   0x00000002   PAD
    0x08000e3c   0x00000070   Code   RO         1090    i.NVIC_Init         stm32f0xx_misc.o
    0x08000eac   0x00000078   Code   RO          751    i.NVIC_SetPriority  delay.o
    0x08000f24   0x00000002   Code   RO         3050    i.PendSV_Handler    stm32f0xx_it.o
    0x08000f26   0x00000002   PAD
    0x08000f28   0x00000020   Code   RO         1123    i.RCC_AHBPeriphClockCmd  stm32f0xx_rcc.o
    0x08000f48   0x00000020   Code   RO         1125    i.RCC_APB1PeriphClockCmd  stm32f0xx_rcc.o
    0x08000f68   0x00000020   Code   RO         1127    i.RCC_APB2PeriphClockCmd  stm32f0xx_rcc.o
    0x08000f88   0x00000248   Code   RO         1137    i.RCC_GetClocksFreq  stm32f0xx_rcc.o
    0x080011d0   0x0000001c   Code   RO         1390    i.SPI_Cmd           stm32f0xx_spi.o
    0x080011ec   0x00000014   Code   RO         1399    i.SPI_I2S_GetFlagStatus  stm32f0xx_spi.o
    0x08001200   0x00000058   Code   RO         1404    i.SPI_Init          stm32f0xx_spi.o
    0x08001258   0x0000000c   Code   RO         1408    i.SPI_ReceiveData8  stm32f0xx_spi.o
    0x08001264   0x00000014   Code   RO         1409    i.SPI_RxFIFOThresholdConfig  stm32f0xx_spi.o
    0x08001278   0x0000000a   Code   RO         1411    i.SPI_SendData8     stm32f0xx_spi.o
    0x08001282   0x00000002   Code   RO         3051    i.SVC_Handler       stm32f0xx_it.o
    0x08001284   0x00000040   Code   RO         1588    i.SYSCFG_EXTILineConfig  stm32f0xx_syscfg.o
    0x080012c4   0x00000080   Code   RO         3095    i.SetSysClock       system_stm32f0xx.o
    0x08001344   0x00000060   Code   RO          799    i.ShowTimeStack     test_fun.o
    0x080013a4   0x00000024   Code   RO         1092    i.SysTick_CLKSourceConfig  stm32f0xx_misc.o
    0x080013c8   0x00000010   Code   RO         3052    i.SysTick_Handler   stm32f0xx_it.o
    0x080013d8   0x0000007c   Code   RO         3097    i.SystemInit        system_stm32f0xx.o
    0x08001454   0x000000f0   Code   RO          579    i.TDOAprocess_AC    main.o
    0x08001544   0x00000128   Code   RO          580    i.TDOAprocess_TAG   main.o
    0x0800166c   0x000001c4   Code   RO          581    i.TDOAprocess_mpu_TAG  main.o
    0x08001830   0x00000038   Code   RO         3160    i.TIM14_IRQHandler  usmart.o
    0x08001868   0x0000008c   Code   RO          582    i.TIM7_IRQHandler   main.o
    0x080018f4   0x00000006   Code   RO         1668    i.TIM_ClearFlag     stm32f0xx_tim.o
    0x080018fa   0x00000006   Code   RO         1669    i.TIM_ClearITPendingBit  stm32f0xx_tim.o
    0x08001900   0x0000001c   Code   RO         1674    i.TIM_Cmd           stm32f0xx_tim.o
    0x0800191c   0x00000006   Code   RO         1693    i.TIM_GetCounter    stm32f0xx_tim.o
    0x08001922   0x00000014   Code   RO         1694    i.TIM_GetFlagStatus  stm32f0xx_tim.o
    0x08001936   0x00000026   Code   RO         1695    i.TIM_GetITStatus   stm32f0xx_tim.o
    0x0800195c   0x00000014   Code   RO         1699    i.TIM_ITConfig      stm32f0xx_tim.o
    0x08001970   0x00000004   Code   RO         1735    i.TIM_SetAutoreload  stm32f0xx_tim.o
    0x08001974   0x00000004   Code   RO         1741    i.TIM_SetCounter    stm32f0xx_tim.o
    0x08001978   0x0000007c   Code   RO         1747    i.TIM_TimeBaseInit  stm32f0xx_tim.o
    0x080019f4   0x000001b0   Code   RO          584    i.TOAdata_mpu_process  main.o
    0x08001ba4   0x0000006c   Code   RO          585    i.TOAdata_process   main.o
    0x08001c10   0x000001e0   Code   RO          586    i.TWRresp           main.o
    0x08001df0   0x0000004c   Code   RO         3161    i.Timer2_Init       usmart.o
    0x08001e3c   0x00000094   Code   RO            3    i.USART1_IRQHandler  usart_v1.o
    0x08001ed0   0x00000004   Code   RO         2229    i.USART_ClearFlag   stm32f0xx_usart.o
    0x08001ed4   0x00000018   Code   RO         2233    i.USART_Cmd         stm32f0xx_usart.o
    0x08001eec   0x000000b0   Code   RO            4    i.USART_Config      usart_v1.o
    0x08001f9c   0x00000014   Code   RO         2236    i.USART_DMACmd      stm32f0xx_usart.o
    0x08001fb0   0x00000014   Code   RO         2241    i.USART_GetFlagStatus  stm32f0xx_usart.o
    0x08001fc4   0x0000004e   Code   RO         2242    i.USART_GetITStatus  stm32f0xx_usart.o
    0x08002012   0x00000042   Code   RO         2244    i.USART_ITConfig    stm32f0xx_usart.o
    0x08002054   0x000000f8   Code   RO         2245    i.USART_Init        stm32f0xx_usart.o
    0x0800214c   0x0000000a   Code   RO         2257    i.USART_ReceiveData  stm32f0xx_usart.o
    0x08002156   0x00000008   Code   RO         2262    i.USART_SendData    stm32f0xx_usart.o
    0x0800215e   0x00000002   PAD
    0x08002160   0x000000c0   Code   RO          587    i.UpLoad            main.o
    0x08002220   0x00000020   Code   RO         4178    i.__0printf         mc_p.l(printfa.o)
    0x08002240   0x0000002e   Code   RO         4272    i.__ARM_clz         mf_p.l(depilogue.o)
    0x0800226e   0x0000001c   Code   RO         3239    i.__ARM_common_switch8  usmart.o
    0x0800228a   0x0000000e   Code   RO         4288    i.__scatterload_copy  mc_p.l(handlers.o)
    0x08002298   0x00000002   Code   RO         4289    i.__scatterload_null  mc_p.l(handlers.o)
    0x0800229a   0x0000000e   Code   RO         4290    i.__scatterload_zeroinit  mc_p.l(handlers.o)
    0x080022a8   0x00000018   Code   RO         3356    i._dwt_aonarrayupload  deca_device.o
    0x080022c0   0x0000003c   Code   RO         3358    i._dwt_configlde    deca_device.o
    0x080022fc   0x00000014   Code   RO         3359    i._dwt_disablesequencing  deca_device.o
    0x08002310   0x000000ec   Code   RO         3360    i._dwt_enableclocks  deca_device.o
    0x080023fc   0x00000022   Code   RO         3361    i._dwt_loaducodefromrom  deca_device.o
    0x0800241e   0x00000030   Code   RO         3363    i._dwt_otpread      deca_device.o
    0x0800244e   0x00000002   PAD
    0x08002450   0x00000174   Code   RO         4185    i._fp_digits        mc_p.l(printfa.o)
    0x080025c4   0x000006ec   Code   RO         4186    i._printf_core      mc_p.l(printfa.o)
    0x08002cb0   0x00000020   Code   RO         4187    i._printf_post_padding  mc_p.l(printfa.o)
    0x08002cd0   0x0000002c   Code   RO         4188    i._printf_pre_padding  mc_p.l(printfa.o)
    0x08002cfc   0x0000000c   Code   RO          249    i.deca_sleep        deca_sleep.o
    0x08002d08   0x00000008   Code   RO          283    i.decamutexoff      deca_mutex.o
    0x08002d10   0x0000000a   Code   RO          284    i.decamutexon       deca_mutex.o
    0x08002d1a   0x00000002   PAD
    0x08002d1c   0x00000054   Code   RO          752    i.delay_init        delay.o
    0x08002d70   0x00000068   Code   RO          176    i.dw1000IRQ_init    exti_v1.o
    0x08002dd8   0x000000f8   Code   RO          589    i.dw1000_init       main.o
    0x08002ed0   0x0000023c   Code   RO         3370    i.dwt_configure     deca_device.o
    0x0800310c   0x00000030   Code   RO         3374    i.dwt_enableautoack  deca_device.o
    0x0800313c   0x00000048   Code   RO         3375    i.dwt_enableframefilter  deca_device.o
    0x08003184   0x00000054   Code   RO         3378    i.dwt_forcetrxoff   deca_device.o
    0x080031d8   0x00000100   Code   RO         3383    i.dwt_initialise    deca_device.o
    0x080032d8   0x00000170   Code   RO         3384    i.dwt_isr           deca_device.o
    0x08003448   0x00000026   Code   RO         3390    i.dwt_read16bitoffsetreg  deca_device.o
    0x0800346e   0x0000002a   Code   RO         3391    i.dwt_read32bitoffsetreg  deca_device.o
    0x08003498   0x00000018   Code   RO         3392    i.dwt_read8bitoffsetreg  deca_device.o
    0x080034b0   0x0000000c   Code   RO         3394    i.dwt_readdevid     deca_device.o
    0x080034bc   0x00000060   Code   RO         3397    i.dwt_readfromdevice  deca_device.o
    0x0800351c   0x00000016   Code   RO         3398    i.dwt_readrxdata    deca_device.o
    0x08003532   0x00000012   Code   RO         3399    i.dwt_readrxtimestamp  deca_device.o
    0x08003544   0x00000012   Code   RO         3405    i.dwt_readtxtimestamp  deca_device.o
    0x08003556   0x00000066   Code   RO         3410    i.dwt_rxenable      deca_device.o
    0x080035bc   0x00000018   Code   RO         3411    i.dwt_rxreset       deca_device.o
    0x080035d4   0x00000010   Code   RO         3412    i.dwt_setaddress16  deca_device.o
    0x080035e4   0x00000014   Code   RO         3413    i.dwt_setcallbacks  deca_device.o
    0x080035f8   0x00000010   Code   RO         3415    i.dwt_setdelayedtrxtime  deca_device.o
    0x08003608   0x00000012   Code   RO         3416    i.dwt_seteui        deca_device.o
    0x0800361a   0x0000003a   Code   RO         3420    i.dwt_setinterrupt  deca_device.o
    0x08003654   0x000000a4   Code   RO         3421    i.dwt_setleds       deca_device.o
    0x080036f8   0x00000010   Code   RO         3424    i.dwt_setpanid      deca_device.o
    0x08003708   0x00000024   Code   RO         3426    i.dwt_setrxaftertxdelay  deca_device.o
    0x0800372c   0x00000014   Code   RO         3427    i.dwt_setrxantennadelay  deca_device.o
    0x08003740   0x00000060   Code   RO         3428    i.dwt_setrxtimeout  deca_device.o
    0x080037a0   0x00000010   Code   RO         3432    i.dwt_settxantennadelay  deca_device.o
    0x080037b0   0x0000001a   Code   RO         3433    i.dwt_setxtaltrim   deca_device.o
    0x080037ca   0x00000002   PAD
    0x080037cc   0x00000044   Code   RO         3434    i.dwt_softreset     deca_device.o
    0x08003810   0x00000080   Code   RO         3436    i.dwt_starttx       deca_device.o
    0x08003890   0x00000026   Code   RO         3437    i.dwt_syncrxbufptrs  deca_device.o
    0x080038b6   0x0000001e   Code   RO         3438    i.dwt_write16bitoffsetreg  deca_device.o
    0x080038d4   0x00000026   Code   RO         3439    i.dwt_write32bitoffsetreg  deca_device.o
    0x080038fa   0x00000014   Code   RO         3440    i.dwt_write8bitoffsetreg  deca_device.o
    0x0800390e   0x00000064   Code   RO         3441    i.dwt_writetodevice  deca_device.o
    0x08003972   0x00000028   Code   RO         3442    i.dwt_writetxdata   deca_device.o
    0x0800399a   0x00000002   PAD
    0x0800399c   0x00000028   Code   RO         3443    i.dwt_writetxfctrl  deca_device.o
    0x080039c4   0x0000001e   Code   RO          338    i.final_msg_get_ts  deca_callback.o
    0x080039e2   0x0000001c   Code   RO          339    i.final_msg_set_ts  deca_callback.o
    0x080039fe   0x00000002   PAD
    0x08003a00   0x00000034   Code   RO            5    i.fputc             usart_v1.o
    0x08003a34   0x00000020   Code   RO          802    i.getSYSstatus      test_fun.o
    0x08003a54   0x0000002e   Code   RO          340    i.get_rx_timestamp_u64  deca_callback.o
    0x08003a82   0x0000002e   Code   RO          341    i.get_tx_timestamp_u64  deca_callback.o
    0x08003ab0   0x0000000c   Code   RO          804    i.going             test_fun.o
    0x08003abc   0x000001bc   Code   RO          591    i.main              main.o
    0x08003c78   0x0000006c   Code   RO         4207    i.malloc            mc_p.l(malloc.o)
    0x08003ce4   0x0000000c   Code   RO          178    i.port_set_deca_isr  exti_v1.o
    0x08003cf0   0x0000008c   Code   RO          309    i.readfromspi       deca_spi.o
    0x08003d7c   0x00000054   Code   RO          592    i.reset_DW1000      main.o
    0x08003dd0   0x0000000c   Code   RO          342    i.rx_err_cb         deca_callback.o
    0x08003ddc   0x000000b0   Code   RO          343    i.rx_ok_cb          deca_callback.o
    0x08003e8c   0x0000000c   Code   RO          344    i.rx_to_cb          deca_callback.o
    0x08003e98   0x00000050   Code   RO          146    i.set_spi_high      spi_v1.o
    0x08003ee8   0x000000cc   Code   RO          147    i.spi_init          spi_v1.o
    0x08003fb4   0x0000004c   Code   RO          593    i.system_init       main.o
    0x08004000   0x00000064   Code   RO          806    i.testfun1          test_fun.o
    0x08004064   0x00000064   Code   RO          807    i.testfun2          test_fun.o
    0x080040c8   0x0000000c   Code   RO          345    i.tx_conf_cb        deca_callback.o
    0x080040d4   0x0000002c   Code   RO          808    i.unlockflash       test_fun.o
    0x08004100   0x00000180   Code   RO          594    i.updatetag         main.o
    0x08004280   0x000000b4   Code   RO         3163    i.usmart_cmd_rec    usmart.o
    0x08004334   0x000002fc   Code   RO         3164    i.usmart_exe        usmart.o
    0x08004630   0x000000d6   Code   RO         3278    i.usmart_get_aparm  usmart_str.o
    0x08004706   0x00000036   Code   RO         3279    i.usmart_get_cmdname  usmart_str.o
    0x0800473c   0x000001d8   Code   RO         3280    i.usmart_get_fname  usmart_str.o
    0x08004914   0x00000110   Code   RO         3281    i.usmart_get_fparam  usmart_str.o
    0x08004a24   0x00000020   Code   RO         3282    i.usmart_get_parmpos  usmart_str.o
    0x08004a44   0x0000003c   Code   RO         3165    i.usmart_get_runtime  usmart.o
    0x08004a80   0x00000024   Code   RO         3166    i.usmart_init       usmart.o
    0x08004aa4   0x0000001a   Code   RO         3283    i.usmart_pow        usmart_str.o
    0x08004abe   0x00000002   PAD
    0x08004ac0   0x00000030   Code   RO         3167    i.usmart_reset_runtime  usmart.o
    0x08004af0   0x000000c4   Code   RO         3168    i.usmart_scan       usmart.o
    0x08004bb4   0x00000016   Code   RO         3284    i.usmart_search_nextc  usmart_str.o
    0x08004bca   0x000000d0   Code   RO         3285    i.usmart_str2num    usmart_str.o
    0x08004c9a   0x00000024   Code   RO         3286    i.usmart_strcmp     usmart_str.o
    0x08004cbe   0x00000018   Code   RO         3287    i.usmart_strcopy    usmart_str.o
    0x08004cd6   0x0000001a   Code   RO         3288    i.usmart_strlen     usmart_str.o
    0x08004cf0   0x000006f4   Code   RO         3169    i.usmart_sys_cmd_exe  usmart.o
    0x080053e4   0x00000088   Code   RO          310    i.writetospi        deca_spi.o
    0x0800546c   0x0000006c   Data   RO          596    .constdata          main.o
    0x080054d8   0x000000ae   Data   RO         3911    .constdata          deca_params_init.o
    0x08005586   0x00000002   PAD
    0x08005588   0x00000028   Data   RO         3171    .conststring        usmart.o
    0x080055b0   0x000000aa   Data   RO         3253    .conststring        usmart_config.o
    0x0800565a   0x00000002   PAD
    0x0800565c   0x00000020   Data   RO         4286    Region$$Table       anon$$obj.o


    Execution Region RW_IRAM1 (Base: 0x20000000, Size: 0x000017f8, Max: 0x00004000, ABSOLUTE, COMPRESSED[0x000000b4])

    Base Addr    Size         Type   Attr      Idx    E Section Name        Object

    0x20000000   0x00000002   Data   RW            8    .data               usart_v1.o
    0x20000002   0x00000002   PAD
    0x20000004   0x00000004   Data   RW          179    .data               exti_v1.o
    0x20000008   0x00000016   Data   RW          347    .data               deca_callback.o
    0x2000001e   0x00000002   Data   RW          450    .data               rf24l01.o
    0x20000020   0x00000080   Data   RW          528    .data               deca_user_api.o
    0x200000a0   0x00000064   Data   RW          597    .data               main.o
    0x20000104   0x00000004   Data   RW          753    .data               delay.o
    0x20000108   0x0000000c   Data   RW          810    .data               test_fun.o
    0x20000114   0x00000010   Data   RW         1163    .data               stm32f0xx_rcc.o
    0x20000124   0x00000014   Data   RW         3098    .data               system_stm32f0xx.o
    0x20000138   0x0000001c   Data   RW         3172    .data               usmart.o
    0x20000154   0x0000012c   Data   RW         3254    .data               usmart_config.o
    0x20000280   0x00000004   Data   RW         4260    .data               mc_p.l(stdout.o)
    0x20000284   0x00000004   Data   RW         4265    .data               mc_p.l(mvars.o)
    0x20000288   0x00000004   Data   RW         4266    .data               mc_p.l(mvars.o)
    0x2000028c   0x00000080   Zero   RW            7    .bss                usart_v1.o
    0x2000030c   0x00000089   Zero   RW          346    .bss                deca_callback.o
    0x20000395   0x00000003   PAD
    0x20000398   0x00000028   Zero   RW          809    .bss                test_fun.o
    0x200003c0   0x00000038   Zero   RW         3444    .bss                deca_device.o
    0x200003f8   0x00001000   Zero   RW         3152    HEAP                startup_stm32f072_1.o
    0x200013f8   0x00000400   Zero   RW         3151    STACK               startup_stm32f072_1.o


==============================================================================

Image component sizes


      Code (inc. data)   RO Data    RW Data    ZI Data      Debug   Object Name

       362         30          0         22        137       5378   deca_callback.o
      3222        168          0          0         56      29653   deca_device.o
        18          0          0          0          0        905   deca_mutex.o
         0          0        174          0          0       4820   deca_params_init.o
        12          0          0          0          0       5748   deca_sleep.o
       276         16          0          0          0       2131   deca_spi.o
         0          0          0        128          0       1105   deca_user_api.o
       280         26          0          4          0       7575   delay.o
       232         22          0          4          0      10283   exti_v1.o
       100         10          0          0          0        483   led.o
      3974        510        108        100          0      20523   main.o
         0          0          0          2          0        616   rf24l01.o
       284         14          0          0          0       1126   spi_v1.o
        88         38        192          0       5120        596   startup_stm32f072_1.o
        92         26          0          0          0       1818   stm32f0xx_crc.o
       248         36          0          0          0       4630   stm32f0xx_dma.o
       176         16          0          0          0       1824   stm32f0xx_exti.o
       240          0          0          0          0       3087   stm32f0xx_gpio.o
        26          4          0          0          0       1943   stm32f0xx_it.o
       148         10          0          0          0       1266   stm32f0xx_misc.o
       680         42          0         16          0       3274   stm32f0xx_rcc.o
       178         20          0          0          0       3540   stm32f0xx_spi.o
        64          4          0          0          0        572   stm32f0xx_syscfg.o
       256         38          0          0          0       5608   stm32f0xx_tim.o
       478         22          0          0          0       5894   stm32f0xx_usart.o
       252         24          0         20          0       1405   system_stm32f0xx.o
       432        178          0         12         40       4067   test_fun.o
       376         32          0          2        128     252599   usart_v1.o
      3224       1350         40         28          0       6362   usmart.o
         0          0        170        300          0       1516   usmart_config.o
      1386         22          0          0          0       8173   usmart_str.o

    ----------------------------------------------------------------------
     17124       2658        720        640       5484     398520   Object Totals
         0          0         32          0          0          0   (incl. Generated)
        20          0          4          2          3          0   (incl. Padding)

    ----------------------------------------------------------------------

      Code (inc. data)   RO Data    RW Data    ZI Data      Debug   Library Member Name

        86          0          0          0          0          0   __dczerorl2.o
         0          0          0          0          0          0   entry.o
         0          0          0          0          0          0   entry10a.o
         0          0          0          0          0          0   entry11a.o
         8          4          0          0          0          0   entry2.o
         4          0          0          0          0          0   entry5.o
         0          0          0          0          0          0   entry7b.o
         0          0          0          0          0          0   entry8b.o
         8          4          0          0          0          0   entry9a.o
        30          0          0          0          0          0   handlers.o
        36          8          0          0          0         68   init.o
         0          0          0          0          0          0   iusefp.o
        32          0          0          0          0         68   llshl.o
        38          0          0          0          0         68   llsshr.o
        34          0          0          0          0         68   llushr.o
       108         16          0          0          0         76   malloc.o
        26          0          0          0          0         72   memcmp.o
        36          0          0          0          0         60   memcpya.o
        36          0          0          0          0        100   memseta.o
         0          0          0          8          0          0   mvars.o
      2252         98          0          0          0        412   printfa.o
         0          0          0          4          0          0   stdout.o
        44          0          0          0          0         72   uidiv.o
        96          0          0          0          0         84   uldiv.o
        40          2          0          0          0         68   cdrcmple.o
       356          4          0          0          0        140   dadd.o
       240          6          0          0          0         84   ddiv.o
       236          0          0          0          0        216   depilogue.o
        60         10          0          0          0         68   dfixui.o
        64         10          0          0          0         68   dfixul.o
        28          4          0          0          0         68   dfltui.o
       208          6          0          0          0         88   dmul.o
        40          0          0          0          0         60   f2d.o
       130          0          0          0          0        144   fepilogue.o
        14          0          0          0          0         68   ffltui.o

    ----------------------------------------------------------------------
      4296        172          0         12          0       2220   Library Totals
         6          0          0          0          0          0   (incl. Padding)

    ----------------------------------------------------------------------

      Code (inc. data)   RO Data    RW Data    ZI Data      Debug   Library Name

      2874        130          0         12          0       1148   mc_p.l
      1416         42          0          0          0       1072   mf_p.l

    ----------------------------------------------------------------------
      4296        172          0         12          0       2220   Library Totals

    ----------------------------------------------------------------------

==============================================================================


      Code (inc. data)   RO Data    RW Data    ZI Data      Debug   

     21420       2830        720        652       5484     392508   Grand Totals
     21420       2830        720        180       5484     392508   ELF Image Totals (compressed)
     21420       2830        720        180          0          0   ROM Totals

==============================================================================

    Total RO  Size (Code + RO Data)                22140 (  21.62kB)
    Total RW  Size (RW Data + ZI Data)              6136 (   5.99kB)
    Total ROM Size (Code + RO Data + RW Data)      22320 (  21.80kB)

==============================================================================

