<html>
<body>
<pre>
<h1>礦ision Build Log</h1>
<h2>Tool Versions:</h2>
IDE-Version: μVision V5.14.0.0
Copyright (C) 2015 ARM Ltd and ARM Germany GmbH. All rights reserved.
License Information: pi Microsoft, Microsoft, LIC=Y2BKP-M8X7S-QF0IY-I9F2K-3ATNX-YDDUH
 
Tool Versions:
Toolchain:       MDK-ARM Professional  Version: 5.14.0.0
Toolchain Path:  D:\Keil_v5\ARM\ARMCC\Bin
C Compiler:      Armcc.exe V5.05 update 1 (build 106)
Assembler:       Armasm.exe V5.05 update 1 (build 106)
Linker/Locator:  ArmLink.exe V5.05 update 1 (build 106)
Library Manager: ArmAr.exe V5.05 update 1 (build 106)
Hex Converter:   FromElf.exe V5.05 update 1 (build 106)
CPU DLL:         SARMCM3.DLL V5.14.0.0
Dialog DLL:      DARMCM1.DLL V1.12.0.0
Target DLL:      STLink\ST-LINKIII-KEIL_SWO.dll V2.0.14.0_KEIL
Dialog DLL:      TARMCM1.DLL V1.9.0.0
 
<h2>Project:</h2>
F:\研二\TOA11_22\TOA_RAKO\DWTAG_TOA\MDK-ARM\f072cbt6.uvprojx
Project File Date:  11/30/2017

<h2>Output:</h2>
Build target 'f072cbt6'
compiling main.c...
../Src/main.c(893): warning:  #177-D: variable "tx_time_count" was declared but never referenced
        uint8 tx_time_count = 0; 
../Src/main.c(894): warning:  #177-D: variable "rtcCnt" was declared but never referenced
        uint16 rtcCnt;
../Src/main.c(895): warning:  #177-D: variable "preFre" was declared but never referenced
        uint32 preFre =0;
../Src/main.c(1137): warning:  #940-D: missing return statement at end of non-void function "read_mpu"
  }
../Src/main.c(1128): warning:  #177-D: variable "more" was declared but never referenced
        unsigned char more;
../Src/main.c(58): warning:  #177-D: variable "status_reg" was declared but never referenced
  static uint32 status_reg = 0;
../Src/main.c(857): warning:  #177-D: function "dw_config_init" was declared but never referenced
  void dw_config_init(void)
../Src/main.c: 7 warnings, 0 errors
linking...
Program Size: Code=29880 RO-data=752 RW-data=492 ZI-data=2228  
"f072cbt6\f072cbt6.axf" - 0 Error(s), 7 Warning(s).

<h2>Software Packages used:</h2>

Package Vendor: ARM
                http://www.keil.com/pack/ARM.CMSIS.4.2.0.pack
                ARM::CMSIS:CORE:3.40.0
                CMSIS (Cortex Microcontroller Software Interface Standard)
   * Component: CORE Version: 3.40.0

<h2>Collection of Component include folders:</h2>
  F:\研二\TOA11_22\TOA_RAKO\DWTAG_TOA\MDK-ARM\RTE
  D:\Keil_v5\ARM\PACK\ARM\CMSIS\4.2.0\CMSIS\Include
  D:\Keil_v5\ARM\PACK\Keil\STM32F0xx_DFP\1.5.0

<h2>Collection of Component Files used:</h2>

   * Component: ARM::CMSIS:CORE:3.40.0
      Source file:   CMSIS\UserCodeTemplates\ARM\ITM_Retarget.c
</pre>
</body>
</html>
